#
# There is insufficient memory for the Java Runtime Environment to continue.
# Native memory allocation (malloc) failed to allocate 32752 bytes. Error detail: Chunk::new
# Possible reasons:
#   The system is out of physical RAM or swap space
#   This process is running with CompressedOops enabled, and the Java Heap may be blocking the growth of the native heap
# Possible solutions:
#   Reduce memory load on the system
#   Increase physical memory or swap space
#   Check if swap backing store is full
#   Decrease Java heap size (-Xmx/-Xms)
#   Decrease number of Java threads
#   Decrease Java thread stack sizes (-Xss)
#   Set larger code cache with -XX:ReservedCodeCacheSize=
#   JVM is running with Unscaled Compressed Oops mode in which the Java heap is
#     placed in the first 4GB address space. The Java Heap base address is the
#     maximum limit for the native heap growth. Please use -XX:HeapBaseMinAddress
#     to set the Java Heap base and to place the Java Heap above 4GB virtual address.
# This output file may be truncated or incomplete.
#
#  Out of Memory Error (arena.cpp:186), pid=7588, tid=4792
#
# JRE version: OpenJDK Runtime Environment (25.0.2+10) (build 25.0.2+10-69)
# Java VM: OpenJDK 64-Bit Server VM (25.0.2+10-69, mixed mode, sharing, tiered, compressed oops, compressed class ptrs, g1 gc, windows-amd64)
# No core dump will be written. Minidumps are not enabled by default on client versions of Windows
#

---------------  S U M M A R Y ------------

Command Line: -javaagent:C:\Program Files\JetBrains\IntelliJ IDEA Community Edition 2025.2.6.1\lib\idea_rt.jar=51492 -Dfile.encoding=UTF-8 -Dsun.stdout.encoding=UTF-8 -Dsun.stderr.encoding=UTF-8 com.example.apiGateway.ApiGatewayApplication

Host: AMD Ryzen 5 4500U with Radeon Graphics         , 6 cores, 7G,  Windows 11 , 64 bit Build 26100 (10.0.26100.8246)
Time: Mon Apr 27 12:10:19 2026 India Standard Time elapsed time: 276.916225 seconds (0d 0h 4m 36s)

---------------  T H R E A D  ---------------

Current thread (0x000001e9ff818850):  JavaThread "C2 CompilerThread0" daemon [_thread_in_native, id=4792, stack(0x000000b1c5d00000,0x000000b1c5e00000) (1024K)]


Current CompileTask:
C2:276916 7330       4       java.io.File::hashCode (8 bytes)

Stack: [0x000000b1c5d00000,0x000000b1c5e00000]
Native frames: (J=compiled Java code, j=interpreted, Vv=VM code, C=native code)
V  [jvm.dll+0x7a70f9]  (no source info available)
V  [jvm.dll+0x772d6d]  (no source info available)
V  [jvm.dll+0x965d53]  (no source info available)
V  [jvm.dll+0x968351]  (no source info available)
V  [jvm.dll+0x968a63]  (no source info available)
V  [jvm.dll+0x2fc846]  (no source info available)
V  [jvm.dll+0x111b16]  (no source info available)
V  [jvm.dll+0x111e3e]  (no source info available)
V  [jvm.dll+0x77de5b]  (no source info available)
V  [jvm.dll+0x7260f8]  (no source info available)
V  [jvm.dll+0x7243d8]  (no source info available)
V  [jvm.dll+0x2c0815]  (no source info available)
V  [jvm.dll+0x2bfb5f]  (no source info available)
V  [jvm.dll+0x2379a0]  (no source info available)
V  [jvm.dll+0x2cfc86]  (no source info available)
V  [jvm.dll+0x2cdf05]  (no source info available)
V  [jvm.dll+0x48e9d1]  (no source info available)
V  [jvm.dll+0x906fcd]  (no source info available)
V  [jvm.dll+0x7a56d5]  (no source info available)
C  [ucrtbase.dll+0x37b0]  (no source info available)
C  [KERNEL32.DLL+0x2e8d7]  (no source info available)
C  [ntdll.dll+0x8c3fc]  (no source info available)

Lock stack of current Java thread (top to bottom):


---------------  P R O C E S S  ---------------

Threads class SMR info:
_java_thread_list=0x000001e989779200, length=23, elements={
0x000001e9ff7f6000, 0x000001e9ff7f6e60, 0x000001e9ff7fda70, 0x000001e9ff8010e0,
0x000001e9ff7fec20, 0x000001e9ff80faf0, 0x000001e9ff818850, 0x000001e9ff8216f0,
0x000001e9ff8cc830, 0x000001e9ffbf3690, 0x000001e9ffbf3e50, 0x000001e986d820b0,
0x000001e98993bcc0, 0x000001e98993e3d0, 0x000001e98993eba0, 0x000001e9887c4f30,
0x000001e9887c66a0, 0x000001e9887c7e10, 0x000001e9887c7640, 0x000001e98993dc00,
0x000001e98a081860, 0x000001e98a0800f0, 0x000001e98a0856e0
}

Java Threads: ( => current thread )
  0x000001e9ff7f6000 JavaThread "Reference Handler"          daemon [_thread_blocked, id=26368, stack(0x000000b1c5700000,0x000000b1c5800000) (1024K)]
  0x000001e9ff7f6e60 JavaThread "Finalizer"                  daemon [_thread_blocked, id=26748, stack(0x000000b1c5800000,0x000000b1c5900000) (1024K)]
  0x000001e9ff7fda70 JavaThread "Signal Dispatcher"          daemon [_thread_blocked, id=16312, stack(0x000000b1c5900000,0x000000b1c5a00000) (1024K)]
  0x000001e9ff8010e0 JavaThread "Attach Listener"            daemon [_thread_blocked, id=23236, stack(0x000000b1c5a00000,0x000000b1c5b00000) (1024K)]
  0x000001e9ff7fec20 JavaThread "Service Thread"             daemon [_thread_blocked, id=26268, stack(0x000000b1c5b00000,0x000000b1c5c00000) (1024K)]
  0x000001e9ff80faf0 JavaThread "Monitor Deflation Thread"   daemon [_thread_blocked, id=25500, stack(0x000000b1c5c00000,0x000000b1c5d00000) (1024K)]
=>0x000001e9ff818850 JavaThread "C2 CompilerThread0"         daemon [_thread_in_native, id=4792, stack(0x000000b1c5d00000,0x000000b1c5e00000) (1024K)]
  0x000001e9ff8216f0 JavaThread "C1 CompilerThread0"         daemon [_thread_blocked, id=4908, stack(0x000000b1c5e00000,0x000000b1c5f00000) (1024K)]
  0x000001e9ff8cc830 JavaThread "Common-Cleaner"             daemon [_thread_blocked, id=13680, stack(0x000000b1c5f00000,0x000000b1c6000000) (1024K)]
  0x000001e9ffbf3690 JavaThread "Monitor Ctrl-Break"         daemon [_thread_in_native, id=26740, stack(0x000000b1c6000000,0x000000b1c6100000) (1024K)]
  0x000001e9ffbf3e50 JavaThread "Notification Thread"        daemon [_thread_blocked, id=12960, stack(0x000000b1c6100000,0x000000b1c6200000) (1024K)]
  0x000001e986d820b0 JavaThread "boundedElastic-evictor-1"   daemon [_thread_blocked, id=19312, stack(0x000000b1c6200000,0x000000b1c6300000) (1024K)]
  0x000001e98993bcc0 JavaThread "File Watcher"               daemon [_thread_blocked, id=1700, stack(0x000000b1c6f00000,0x000000b1c7000000) (1024K)]
  0x000001e98993e3d0 JavaThread "spectator-gauge-polling-0"  daemon [_thread_blocked, id=27120, stack(0x000000b1c7200000,0x000000b1c7300000) (1024K)]
  0x000001e98993eba0 JavaThread "AsyncResolver-bootstrap-%d" daemon [_thread_blocked, id=15420, stack(0x000000b1c7300000,0x000000b1c7400000) (1024K)]
  0x000001e9887c4f30 JavaThread "DiscoveryClient-%d"         daemon [_thread_blocked, id=18284, stack(0x000000b1c7400000,0x000000b1c7500000) (1024K)]
  0x000001e9887c66a0 JavaThread "DiscoveryClient-%d"         daemon [_thread_blocked, id=26952, stack(0x000000b1c7500000,0x000000b1c7600000) (1024K)]
  0x000001e9887c7e10 JavaThread "DiscoveryClient-InstanceInfoReplicator-%d" daemon [_thread_blocked, id=27628, stack(0x000000b1c7600000,0x000000b1c7700000) (1024K)]
  0x000001e9887c7640 JavaThread "reactor-http-nio-1"         daemon [_thread_in_native, id=17616, stack(0x000000b1c6900000,0x000000b1c6a00000) (1024K)]
  0x000001e98993dc00 JavaThread "server"                            [_thread_blocked, id=24996, stack(0x000000b1c7700000,0x000000b1c7800000) (1024K)]
  0x000001e98a081860 JavaThread "DestroyJavaVM"                     [_thread_blocked, id=9828, stack(0x000000b1c4f00000,0x000000b1c5000000) (1024K)]
  0x000001e98a0800f0 JavaThread "DiscoveryClient-HeartbeatExecutor-%d" daemon [_thread_blocked, id=2244, stack(0x000000b1c6700000,0x000000b1c6800000) (1024K)]
  0x000001e98a0856e0 JavaThread "DiscoveryClient-CacheRefreshExecutor-%d" daemon [_thread_blocked, id=22112, stack(0x000000b1c7900000,0x000000b1c7a00000) (1024K)]
Total: 23

Other Threads:
  0x000001e9ff7e4bf0 VMThread "VM Thread"                           [id=17324, stack(0x000000b1c5600000,0x000000b1c5700000) (1024K)]
  0x000001e9ff7d1ac0 WatcherThread "VM Periodic Task Thread"        [id=20888, stack(0x000000b1c5500000,0x000000b1c5600000) (1024K)]
  0x000001e9e50499b0 WorkerThread "GC Thread#0"                     [id=24600, stack(0x000000b1c5000000,0x000000b1c5100000) (1024K)]
  0x000001e986c72760 WorkerThread "GC Thread#1"                     [id=22404, stack(0x000000b1c6400000,0x000000b1c6500000) (1024K)]
  0x000001e986c72b90 WorkerThread "GC Thread#2"                     [id=27444, stack(0x000000b1c6500000,0x000000b1c6600000) (1024K)]
  0x000001e986c72fc0 WorkerThread "GC Thread#3"                     [id=26932, stack(0x000000b1c6600000,0x000000b1c6700000) (1024K)]
  0x000001e987341f40 WorkerThread "GC Thread#4"                     [id=26768, stack(0x000000b1c6a00000,0x000000b1c6b00000) (1024K)]
  0x000001e9873416a0 WorkerThread "GC Thread#5"                     [id=27048, stack(0x000000b1c6b00000,0x000000b1c6c00000) (1024K)]
  0x000001e9e5060d40 ConcurrentGCThread "G1 Main Marker"            [id=26844, stack(0x000000b1c5100000,0x000000b1c5200000) (1024K)]
  0x000001e9e50645e0 WorkerThread "G1 Conc#0"                       [id=2396, stack(0x000000b1c5200000,0x000000b1c5300000) (1024K)]
  0x000001e987340e00 WorkerThread "G1 Conc#1"                       [id=16172, stack(0x000000b1c6c00000,0x000000b1c6d00000) (1024K)]
  0x000001e9ff6880d0 ConcurrentGCThread "G1 Refine#0"               [id=25820, stack(0x000000b1c5300000,0x000000b1c5400000) (1024K)]
  0x000001e9ff689930 ConcurrentGCThread "G1 Service"                [id=25780, stack(0x000000b1c5400000,0x000000b1c5500000) (1024K)]
Total: 13

Threads with active compile tasks:
C2 CompilerThread0  276991 7330       4       java.io.File::hashCode (8 bytes)
Total: 1

VM state: not at safepoint (normal execution)

VM Mutex/Monitor currently owned by a thread: None

Heap address: 0x0000000089c00000, size: 1892 MB, Compressed Oops mode: 32-bit

CDS archive(s) mapped at: [0x0000000029000000-0x0000000029dd0000-0x0000000029dd0000), size 14483456, SharedBaseAddress: 0x0000000029000000, ArchiveRelocationMode: 1.
Compressed class space mapped at: 0x000000002a000000-0x000000006a000000, reserved size: 1073741824
UseCompressedClassPointers 1, UseCompactObjectHeaders 0
Narrow klass pointer bits 32, Max shift 3
Narrow klass base: 0x0000000029000000, Narrow klass shift: 0
Encoding Range: [0x0000000029000000 - 0x0000000129000000), (4294967296 bytes)
Klass Range:    [0x0000000029010000 - 0x000000006a000000), (1090453504 bytes)
Klass ID Range:  [65536 - 1090519033) (1090453497)
Protection zone: [0x0000000029000000 - 0x0000000029010000), (65536 bytes)

GC Precious Log:
 CardTable entry size: 512
 Card Set container configuration: InlinePtr #cards 5 size 8 Array Of Cards #cards 10 size 36 Howl #buckets 4 coarsen threshold 1843 Howl Bitmap #cards 512 size 80 coarsen threshold 460 Card regions per heap region 1 cards per card region 2048
 CPUs: 6 total, 6 available
 Memory: 7564M
 Large Page Support: Disabled
 NUMA Support: Disabled
 Compressed Oops: Enabled (32-bit)
 Heap Region Size: 1M
 Heap Min Capacity: 8M
 Heap Initial Capacity: 120M
 Heap Max Capacity: 1892M
 Pre-touch: Disabled
 Parallel Workers: 6
 Concurrent Workers: 2
 Concurrent Refinement Workers: 6
 Periodic GC: Disabled

Heap:
 garbage-first heap   total reserved 1937408K, committed 67584K, used 38825K [0x0000000089c00000, 0x0000000100000000)
  region size 1024K, 9 young (9216K), 3 survivors (3072K)

Heap Regions: E=young(eden), S=young(survivor), O=old, HS=humongous(starts), HC=humongous(continues), CS=collection set, F=free, TAMS=top-at-mark-start, PB=parsable bottom
|   0|0x0000000089c00000, 0x0000000089d00000, 0x0000000089d00000|100%|HS|  |TAMS 0x0000000089c00000| PB 0x0000000089c00000| Complete |  0
|   1|0x0000000089d00000, 0x0000000089e00000, 0x0000000089e00000|100%| O|  |TAMS 0x0000000089d00000| PB 0x0000000089d00000| Untracked |  0
|   2|0x0000000089e00000, 0x0000000089f00000, 0x0000000089f00000|100%| O|  |TAMS 0x0000000089e00000| PB 0x0000000089e00000| Untracked |  0
|   3|0x0000000089f00000, 0x000000008a000000, 0x000000008a000000|100%| O|  |TAMS 0x0000000089f00000| PB 0x0000000089f00000| Untracked |  0
|   4|0x000000008a000000, 0x000000008a100000, 0x000000008a100000|100%| O|  |TAMS 0x000000008a000000| PB 0x000000008a000000| Untracked |  0
|   5|0x000000008a100000, 0x000000008a200000, 0x000000008a200000|100%| O|  |TAMS 0x000000008a100000| PB 0x000000008a100000| Untracked |  0
|   6|0x000000008a200000, 0x000000008a300000, 0x000000008a300000|100%| O|  |TAMS 0x000000008a200000| PB 0x000000008a200000| Untracked |  0
|   7|0x000000008a300000, 0x000000008a400000, 0x000000008a400000|100%| O|  |TAMS 0x000000008a300000| PB 0x000000008a300000| Untracked |  0
|   8|0x000000008a400000, 0x000000008a500000, 0x000000008a500000|100%| O|  |TAMS 0x000000008a400000| PB 0x000000008a400000| Untracked |  0
|   9|0x000000008a500000, 0x000000008a600000, 0x000000008a600000|100%| O|  |TAMS 0x000000008a500000| PB 0x000000008a500000| Untracked |  0
|  10|0x000000008a600000, 0x000000008a700000, 0x000000008a700000|100%| O|  |TAMS 0x000000008a600000| PB 0x000000008a600000| Untracked |  0
|  11|0x000000008a700000, 0x000000008a800000, 0x000000008a800000|100%| O|  |TAMS 0x000000008a700000| PB 0x000000008a700000| Untracked |  0
|  12|0x000000008a800000, 0x000000008a900000, 0x000000008a900000|100%| O|  |TAMS 0x000000008a800000| PB 0x000000008a800000| Untracked |  0
|  13|0x000000008a900000, 0x000000008aa00000, 0x000000008aa00000|100%| O|  |TAMS 0x000000008a900000| PB 0x000000008a900000| Untracked |  0
|  14|0x000000008aa00000, 0x000000008ab00000, 0x000000008ab00000|100%| O|  |TAMS 0x000000008aa00000| PB 0x000000008aa00000| Untracked |  0
|  15|0x000000008ab00000, 0x000000008ac00000, 0x000000008ac00000|100%| O|  |TAMS 0x000000008ab00000| PB 0x000000008ab00000| Untracked |  0
|  16|0x000000008ac00000, 0x000000008ad00000, 0x000000008ad00000|100%| O|  |TAMS 0x000000008ac00000| PB 0x000000008ac00000| Untracked |  0
|  17|0x000000008ad00000, 0x000000008ae00000, 0x000000008ae00000|100%| O|  |TAMS 0x000000008ad00000| PB 0x000000008ad00000| Untracked |  0
|  18|0x000000008ae00000, 0x000000008af00000, 0x000000008af00000|100%| O|  |TAMS 0x000000008ae00000| PB 0x000000008ae00000| Untracked |  0
|  19|0x000000008af00000, 0x000000008b000000, 0x000000008b000000|100%| O|  |TAMS 0x000000008af00000| PB 0x000000008af00000| Untracked |  0
|  20|0x000000008b000000, 0x000000008b100000, 0x000000008b100000|100%| O|  |TAMS 0x000000008b000000| PB 0x000000008b000000| Untracked |  0
|  21|0x000000008b100000, 0x000000008b200000, 0x000000008b200000|100%| O|  |TAMS 0x000000008b100000| PB 0x000000008b100000| Untracked |  0
|  22|0x000000008b200000, 0x000000008b300000, 0x000000008b300000|100%| O|  |TAMS 0x000000008b200000| PB 0x000000008b200000| Untracked |  0
|  23|0x000000008b300000, 0x000000008b400000, 0x000000008b400000|100%| O|  |TAMS 0x000000008b300000| PB 0x000000008b300000| Untracked |  0
|  24|0x000000008b400000, 0x000000008b500000, 0x000000008b500000|100%| O|  |TAMS 0x000000008b400000| PB 0x000000008b400000| Untracked |  0
|  25|0x000000008b500000, 0x000000008b600000, 0x000000008b600000|100%| O|  |TAMS 0x000000008b500000| PB 0x000000008b500000| Untracked |  0
|  26|0x000000008b600000, 0x000000008b700000, 0x000000008b700000|100%| O|  |TAMS 0x000000008b600000| PB 0x000000008b600000| Untracked |  0
|  27|0x000000008b700000, 0x000000008b800000, 0x000000008b800000|100%| O|  |TAMS 0x000000008b700000| PB 0x000000008b700000| Untracked |  0
|  28|0x000000008b800000, 0x000000008b900000, 0x000000008b900000|100%| O|  |TAMS 0x000000008b800000| PB 0x000000008b800000| Untracked |  0
|  29|0x000000008b900000, 0x000000008b900000, 0x000000008ba00000|  0%| F|  |TAMS 0x000000008b900000| PB 0x000000008b900000| Untracked |  0
|  30|0x000000008ba00000, 0x000000008ba20a50, 0x000000008bb00000| 12%| O|  |TAMS 0x000000008ba00000| PB 0x000000008ba00000| Untracked |  0
|  31|0x000000008bb00000, 0x000000008bb00000, 0x000000008bc00000|  0%| F|  |TAMS 0x000000008bb00000| PB 0x000000008bb00000| Untracked |  0
|  32|0x000000008bc00000, 0x000000008bc00000, 0x000000008bd00000|  0%| F|  |TAMS 0x000000008bc00000| PB 0x000000008bc00000| Untracked |  0
|  33|0x000000008bd00000, 0x000000008bd00000, 0x000000008be00000|  0%| F|  |TAMS 0x000000008bd00000| PB 0x000000008bd00000| Untracked |  0
|  34|0x000000008be00000, 0x000000008be00000, 0x000000008bf00000|  0%| F|  |TAMS 0x000000008be00000| PB 0x000000008be00000| Untracked |  0
|  35|0x000000008bf00000, 0x000000008bf00000, 0x000000008c000000|  0%| F|  |TAMS 0x000000008bf00000| PB 0x000000008bf00000| Untracked |  0
|  36|0x000000008c000000, 0x000000008c000000, 0x000000008c100000|  0%| F|  |TAMS 0x000000008c000000| PB 0x000000008c000000| Untracked |  0
|  37|0x000000008c100000, 0x000000008c1c9c90, 0x000000008c200000| 78%| S|CS|TAMS 0x000000008c100000| PB 0x000000008c100000| Complete |  0
|  38|0x000000008c200000, 0x000000008c300000, 0x000000008c300000|100%| S|CS|TAMS 0x000000008c200000| PB 0x000000008c200000| Complete |  0
|  39|0x000000008c300000, 0x000000008c400000, 0x000000008c400000|100%| S|CS|TAMS 0x000000008c300000| PB 0x000000008c300000| Complete |  0
|  40|0x000000008c400000, 0x000000008c400000, 0x000000008c500000|  0%| F|  |TAMS 0x000000008c400000| PB 0x000000008c400000| Untracked |  0
|  41|0x000000008c500000, 0x000000008c500000, 0x000000008c600000|  0%| F|  |TAMS 0x000000008c500000| PB 0x000000008c500000| Untracked |  0
|  42|0x000000008c600000, 0x000000008c600000, 0x000000008c700000|  0%| F|  |TAMS 0x000000008c600000| PB 0x000000008c600000| Untracked |  0
|  43|0x000000008c700000, 0x000000008c700000, 0x000000008c800000|  0%| F|  |TAMS 0x000000008c700000| PB 0x000000008c700000| Untracked |  0
|  44|0x000000008c800000, 0x000000008c800000, 0x000000008c900000|  0%| F|  |TAMS 0x000000008c800000| PB 0x000000008c800000| Untracked |  0
|  45|0x000000008c900000, 0x000000008c900000, 0x000000008ca00000|  0%| F|  |TAMS 0x000000008c900000| PB 0x000000008c900000| Untracked |  0
|  46|0x000000008ca00000, 0x000000008ca00000, 0x000000008cb00000|  0%| F|  |TAMS 0x000000008ca00000| PB 0x000000008ca00000| Untracked |  0
|  47|0x000000008cb00000, 0x000000008cb00000, 0x000000008cc00000|  0%| F|  |TAMS 0x000000008cb00000| PB 0x000000008cb00000| Untracked |  0
|  48|0x000000008cc00000, 0x000000008cc00000, 0x000000008cd00000|  0%| F|  |TAMS 0x000000008cc00000| PB 0x000000008cc00000| Untracked |  0
|  49|0x000000008cd00000, 0x000000008cd00000, 0x000000008ce00000|  0%| F|  |TAMS 0x000000008cd00000| PB 0x000000008cd00000| Untracked |  0
|  50|0x000000008ce00000, 0x000000008ce00000, 0x000000008cf00000|  0%| F|  |TAMS 0x000000008ce00000| PB 0x000000008ce00000| Untracked |  0
|  51|0x000000008cf00000, 0x000000008cf00000, 0x000000008d000000|  0%| F|  |TAMS 0x000000008cf00000| PB 0x000000008cf00000| Untracked |  0
|  52|0x000000008d000000, 0x000000008d000000, 0x000000008d100000|  0%| F|  |TAMS 0x000000008d000000| PB 0x000000008d000000| Untracked |  0
|  53|0x000000008d100000, 0x000000008d100000, 0x000000008d200000|  0%| F|  |TAMS 0x000000008d100000| PB 0x000000008d100000| Untracked |  0
|  54|0x000000008d200000, 0x000000008d200000, 0x000000008d300000|  0%| F|  |TAMS 0x000000008d200000| PB 0x000000008d200000| Untracked |  0
|  55|0x000000008d300000, 0x000000008d300000, 0x000000008d400000|  0%| F|  |TAMS 0x000000008d300000| PB 0x000000008d300000| Untracked |  0
|  56|0x000000008d400000, 0x000000008d400000, 0x000000008d500000|  0%| F|  |TAMS 0x000000008d400000| PB 0x000000008d400000| Untracked |  0
|  57|0x000000008d500000, 0x000000008d500000, 0x000000008d600000|  0%| F|  |TAMS 0x000000008d500000| PB 0x000000008d500000| Untracked |  0
|  58|0x000000008d600000, 0x000000008d600000, 0x000000008d700000|  0%| F|  |TAMS 0x000000008d600000| PB 0x000000008d600000| Untracked |  0
|  59|0x000000008d700000, 0x000000008d771318, 0x000000008d800000| 44%| E|  |TAMS 0x000000008d700000| PB 0x000000008d700000| Complete |  0
|  60|0x000000008d800000, 0x000000008d900000, 0x000000008d900000|100%| E|CS|TAMS 0x000000008d800000| PB 0x000000008d800000| Complete |  1
|  89|0x000000008f500000, 0x000000008f600000, 0x000000008f600000|100%| E|CS|TAMS 0x000000008f500000| PB 0x000000008f500000| Complete |  0
|  90|0x000000008f600000, 0x000000008f700000, 0x000000008f700000|100%| E|CS|TAMS 0x000000008f600000| PB 0x000000008f600000| Complete |  0
| 119|0x0000000091300000, 0x0000000091400000, 0x0000000091400000|100%| E|CS|TAMS 0x0000000091300000| PB 0x0000000091300000| Complete |  0
|1890|0x00000000ffe00000, 0x00000000fff00000, 0x00000000fff00000|100%| O|  |TAMS 0x00000000ffe00000| PB 0x00000000ffe00000| Untracked |  0
|1891|0x00000000fff00000, 0x0000000100000000, 0x0000000100000000|100%| E|CS|TAMS 0x00000000fff00000| PB 0x00000000fff00000| Complete |  0

Card table byte_map: [0x000001e9fce50000,0x000001e9fd210000] _byte_map_base: 0x000001e9fca02000

Marking Bits: (CMBitMap*) 0x000001e9e504a140
 Bits: [0x000001e9fd210000, 0x000001e9fefa0000)

Polling page: 0x000001e9e2fb0000

Metaspace:
Metaspace        used 49569K, committed 50112K, reserved 1114112K
 class space     used 6816K, committed 7040K, reserved 1048576K

Usage:
  Non-class:     41.75 MB used.
      Class:      6.66 MB used.
       Both:     48.41 MB used.

Virtual space:
  Non-class space:       64.00 MB reserved,      42.06 MB ( 66%) committed,  1 nodes.
      Class space:        1.00 GB reserved,       6.88 MB ( <1%) committed,  1 nodes.
             Both:        1.06 GB reserved,      48.94 MB (  4%) committed. 

Chunk freelists:
   Non-Class:  5.33 MB
       Class:  9.00 MB
        Both:  14.33 MB

MaxMetaspaceSize: unlimited
CompressedClassSpaceSize: 1.00 GB
Initial GC threshold: 21.00 MB
Current GC threshold: 59.31 MB
CDS: on
 - commit_granule_bytes: 65536.
 - commit_granule_words: 8192.
 - virtual_space_node_default_size: 8388608.
 - enlarge_chunks_in_place: 1.
UseCompressedClassPointers 1, UseCompactObjectHeaders 0
Narrow klass pointer bits 32, Max shift 3
Narrow klass base: 0x0000000029000000, Narrow klass shift: 0
Encoding Range: [0x0000000029000000 - 0x0000000129000000), (4294967296 bytes)
Klass Range:    [0x0000000029010000 - 0x000000006a000000), (1090453504 bytes)
Klass ID Range:  [65536 - 1090519033) (1090453497)
Protection zone: [0x0000000029000000 - 0x0000000029010000), (65536 bytes)


Internal statistics:

num_allocs_failed_limit: 6.
num_arena_births: 702.
num_arena_deaths: 0.
num_vsnodes_births: 2.
num_vsnodes_deaths: 0.
num_space_committed: 783.
num_space_uncommitted: 0.
num_chunks_returned_to_freelist: 6.
num_chunks_taken_from_freelist: 2415.
num_chunk_merges: 6.
num_chunk_splits: 1709.
num_chunks_enlarged: 1363.
num_inconsistent_stats: 0.

CodeHeap 'non-profiled nmethods': size=120064Kb used=3381Kb max_used=3381Kb free=116682Kb
 bounds [0x000001e9f5330000, 0x000001e9f5680000, 0x000001e9fc870000]
CodeHeap 'profiled nmethods': size=120000Kb used=10988Kb max_used=10988Kb free=109011Kb
 bounds [0x000001e9ed870000, 0x000001e9ee330000, 0x000001e9f4da0000]
CodeHeap 'non-nmethods': size=5696Kb used=1554Kb max_used=1697Kb free=4142Kb
 bounds [0x000001e9f4da0000, 0x000001e9f5010000, 0x000001e9f5330000]
CodeCache: size=245760Kb, used=15923Kb, max_used=16066Kb, free=229835Kb
 total_blobs=7538, nmethods=6857, adapters=584, full_count=0
Compilation: enabled, stopped_count=0, restarted_count=0

Compilation events (20 events):
Event: 255.482 Thread 0x000001e9ff8216f0 7322       3       org.springframework.cloud.gateway.route.Route$AsyncBuilder::getThis (2 bytes)
Event: 255.482 Thread 0x000001e9ff8216f0 nmethod 7322 0x000001e9ee327808 code [0x000001e9ee327900, 0x000001e9ee327a08]
Event: 255.482 Thread 0x000001e9ff818850 nmethod 7320 0x000001e9f567b488 code [0x000001e9f567b580, 0x000001e9f567b950]
Event: 255.482 Thread 0x000001e9ff818850 7323       4       java.lang.Class::privateGetDeclaredMethods (56 bytes)
Event: 255.482 Thread 0x000001e9ff8216f0 7318       3       org.springframework.core.annotation.AnnotationUtils::isSingleLevelPresent (22 bytes)
Event: 255.482 Thread 0x000001e9ff8216f0 nmethod 7318 0x000001e9ee327b08 code [0x000001e9ee327c00, 0x000001e9ee327e20]
Event: 255.485 Thread 0x000001e9ff8216f0 7324       1       org.springframework.cloud.gateway.route.Route::getOrder (5 bytes)
Event: 255.485 Thread 0x000001e9ff8216f0 nmethod 7324 0x000001e9f567b988 code [0x000001e9f567ba80, 0x000001e9f567bb48]
Event: 255.485 Thread 0x000001e9ff8216f0 7325       3       java.util.stream.Collectors$$Lambda/0x000000002a099fd0::accept (14 bytes)
Event: 255.486 Thread 0x000001e9ff8216f0 nmethod 7325 0x000001e9ee327e88 code [0x000001e9ee327f80, 0x000001e9ee328538]
Event: 255.523 Thread 0x000001e9ff818850 nmethod 7323 0x000001e9f567bc88 code [0x000001e9f567bd80, 0x000001e9f567d4d8]
Event: 269.533 Thread 0x000001e9ff8216f0 7326       3       org.springframework.boot.devtools.filewatch.DirectorySnapshot::<init> (70 bytes)
Event: 269.541 Thread 0x000001e9ff8216f0 nmethod 7326 0x000001e9ee328588 code [0x000001e9ee3286a0, 0x000001e9ee329ec8]
Event: 269.541 Thread 0x000001e9ff8216f0 7327       3       org.springframework.boot.devtools.filewatch.DirectorySnapshot$$Lambda/0x000000002a5da8d8::<init> (10 bytes)
Event: 269.541 Thread 0x000001e9ff8216f0 nmethod 7327 0x000001e9ee329f08 code [0x000001e9ee32a000, 0x000001e9ee32a1b0]
Event: 270.564 Thread 0x000001e9ff8216f0 7328       3       org.springframework.boot.devtools.filewatch.FileSystemWatcher$Watcher::getCurrentSnapshots (63 bytes)
Event: 270.566 Thread 0x000001e9ff8216f0 nmethod 7328 0x000001e9ee32a208 code [0x000001e9ee32a300, 0x000001e9ee32abf0]
Event: 271.996 Thread 0x000001e9ff8216f0 7329       3       org.springframework.boot.devtools.filewatch.FileSystemWatcher$Watcher::scan (63 bytes)
Event: 271.997 Thread 0x000001e9ff8216f0 nmethod 7329 0x000001e9ee32ac08 code [0x000001e9ee32ad00, 0x000001e9ee32b128]
Event: 276.662 Thread 0x000001e9ff818850 7330       4       java.io.File::hashCode (8 bytes)

GC Heap Usage History (20 events):
Event: 1.600 {heap Before GC invocations=0 (full 0):
 garbage-first heap   total reserved 1937408K, committed 124928K, used 51347K [0x0000000089c00000, 0x0000000100000000)
  region size 1024K, 42 young (43008K), 0 survivors (0K)
}
Event: 1.608 {heap After GC invocations=1 (full 0):
 garbage-first heap   total reserved 1937408K, committed 124928K, used 12083K [0x0000000089c00000, 0x0000000100000000)
  region size 1024K, 6 young (6144K), 6 survivors (6144K)
}
Event: 3.589 {heap Before GC invocations=1 (full 0):
 garbage-first heap   total reserved 1937408K, committed 124928K, used 66355K [0x0000000089c00000, 0x0000000100000000)
  region size 1024K, 52 young (53248K), 6 survivors (6144K)
}
Event: 3.599 {heap After GC invocations=2 (full 0):
 garbage-first heap   total reserved 1937408K, committed 124928K, used 18562K [0x0000000089c00000, 0x0000000100000000)
  region size 1024K, 6 young (6144K), 6 survivors (6144K)
}
Event: 3.905 {heap Before GC invocations=2 (full 0):
 garbage-first heap   total reserved 1937408K, committed 124928K, used 46210K [0x0000000089c00000, 0x0000000100000000)
  region size 1024K, 35 young (35840K), 6 survivors (6144K)
}
Event: 3.909 {heap After GC invocations=3 (full 0):
 garbage-first heap   total reserved 1937408K, committed 124928K, used 17215K [0x0000000089c00000, 0x0000000100000000)
  region size 1024K, 2 young (2048K), 2 survivors (2048K)
}
Event: 8.066 {heap Before GC invocations=4 (full 0):
 garbage-first heap   total reserved 1937408K, committed 61440K, used 59199K [0x0000000089c00000, 0x0000000100000000)
  region size 1024K, 36 young (36864K), 2 survivors (2048K)
}
Event: 8.070 {heap After GC invocations=5 (full 0):
 garbage-first heap   total reserved 1937408K, committed 67584K, used 21162K [0x0000000089c00000, 0x0000000100000000)
  region size 1024K, 6 young (6144K), 6 survivors (6144K)
}
Event: 8.584 {heap Before GC invocations=5 (full 0):
 garbage-first heap   total reserved 1937408K, committed 67584K, used 48810K [0x0000000089c00000, 0x0000000100000000)
  region size 1024K, 34 young (34816K), 6 survivors (6144K)
}
Event: 8.589 {heap After GC invocations=6 (full 0):
 garbage-first heap   total reserved 1937408K, committed 67584K, used 22090K [0x0000000089c00000, 0x0000000100000000)
  region size 1024K, 4 young (4096K), 4 survivors (4096K)
}
Event: 9.319 {heap Before GC invocations=6 (full 0):
 garbage-first heap   total reserved 1937408K, committed 67584K, used 49738K [0x0000000089c00000, 0x0000000100000000)
  region size 1024K, 32 young (32768K), 4 survivors (4096K)
}
Event: 9.322 {heap After GC invocations=7 (full 0):
 garbage-first heap   total reserved 1937408K, committed 67584K, used 23519K [0x0000000089c00000, 0x0000000100000000)
  region size 1024K, 3 young (3072K), 3 survivors (3072K)
}
Event: 10.060 {heap Before GC invocations=7 (full 0):
 garbage-first heap   total reserved 1937408K, committed 67584K, used 41951K [0x0000000089c00000, 0x0000000100000000)
  region size 1024K, 22 young (22528K), 3 survivors (3072K)
}
Event: 10.065 {heap After GC invocations=8 (full 0):
 garbage-first heap   total reserved 1937408K, committed 67584K, used 24943K [0x0000000089c00000, 0x0000000100000000)
  region size 1024K, 2 young (2048K), 2 survivors (2048K)
}
Event: 11.742 {heap Before GC invocations=9 (full 0):
 garbage-first heap   total reserved 1937408K, committed 67584K, used 54639K [0x0000000089c00000, 0x0000000100000000)
  region size 1024K, 31 young (31744K), 2 survivors (2048K)
}
Event: 11.746 {heap After GC invocations=10 (full 0):
 garbage-first heap   total reserved 1937408K, committed 67584K, used 27648K [0x0000000089c00000, 0x0000000100000000)
  region size 1024K, 4 young (4096K), 4 survivors (4096K)
}
Event: 14.436 {heap Before GC invocations=10 (full 0):
 garbage-first heap   total reserved 1937408K, committed 67584K, used 55296K [0x0000000089c00000, 0x0000000100000000)
  region size 1024K, 32 young (32768K), 4 survivors (4096K)
}
Event: 14.446 {heap After GC invocations=11 (full 0):
 garbage-first heap   total reserved 1937408K, committed 67584K, used 30907K [0x0000000089c00000, 0x0000000100000000)
  region size 1024K, 4 young (4096K), 4 survivors (4096K)
}
Event: 97.557 {heap Before GC invocations=11 (full 0):
 garbage-first heap   total reserved 1937408K, committed 67584K, used 56507K [0x0000000089c00000, 0x0000000100000000)
  region size 1024K, 29 young (29696K), 4 survivors (4096K)
}
Event: 97.594 {heap After GC invocations=12 (full 0):
 garbage-first heap   total reserved 1937408K, committed 67584K, used 33705K [0x0000000089c00000, 0x0000000100000000)
  region size 1024K, 3 young (3072K), 3 survivors (3072K)
}

Metaspace Usage History (20 events):
Event: 1.600 {metaspace Before GC invocations=0 (full 0):
 Metaspace       used 6744K, committed 6912K, reserved 1114112K
  class space    used 749K, committed 832K, reserved 1048576K
}
Event: 1.608 {metaspace After GC invocations=1 (full 0):
 Metaspace       used 6744K, committed 6912K, reserved 1114112K
  class space    used 749K, committed 832K, reserved 1048576K
}
Event: 3.589 {metaspace Before GC invocations=1 (full 0):
 Metaspace       used 15771K, committed 16000K, reserved 1114112K
  class space    used 2090K, committed 2176K, reserved 1048576K
}
Event: 3.599 {metaspace After GC invocations=2 (full 0):
 Metaspace       used 15771K, committed 16000K, reserved 1114112K
  class space    used 2090K, committed 2176K, reserved 1048576K
}
Event: 3.905 {metaspace Before GC invocations=2 (full 0):
 Metaspace       used 21348K, committed 21504K, reserved 1114112K
  class space    used 2759K, committed 2816K, reserved 1048576K
}
Event: 3.909 {metaspace After GC invocations=3 (full 0):
 Metaspace       used 21348K, committed 21504K, reserved 1114112K
  class space    used 2759K, committed 2816K, reserved 1048576K
}
Event: 8.066 {metaspace Before GC invocations=4 (full 0):
 Metaspace       used 25552K, committed 25856K, reserved 1114112K
  class space    used 3343K, committed 3456K, reserved 1048576K
}
Event: 8.070 {metaspace After GC invocations=5 (full 0):
 Metaspace       used 25552K, committed 25856K, reserved 1114112K
  class space    used 3343K, committed 3456K, reserved 1048576K
}
Event: 8.584 {metaspace Before GC invocations=5 (full 0):
 Metaspace       used 27100K, committed 27392K, reserved 1114112K
  class space    used 3517K, committed 3648K, reserved 1048576K
}
Event: 8.589 {metaspace After GC invocations=6 (full 0):
 Metaspace       used 27100K, committed 27392K, reserved 1114112K
  class space    used 3517K, committed 3648K, reserved 1048576K
}
Event: 9.319 {metaspace Before GC invocations=6 (full 0):
 Metaspace       used 30772K, committed 31104K, reserved 1114112K
  class space    used 4052K, committed 4224K, reserved 1048576K
}
Event: 9.322 {metaspace After GC invocations=7 (full 0):
 Metaspace       used 30772K, committed 31104K, reserved 1114112K
  class space    used 4052K, committed 4224K, reserved 1048576K
}
Event: 10.060 {metaspace Before GC invocations=7 (full 0):
 Metaspace       used 35847K, committed 36160K, reserved 1114112K
  class space    used 4896K, committed 5056K, reserved 1048576K
}
Event: 10.065 {metaspace After GC invocations=8 (full 0):
 Metaspace       used 35847K, committed 36160K, reserved 1114112K
  class space    used 4896K, committed 5056K, reserved 1048576K
}
Event: 11.742 {metaspace Before GC invocations=9 (full 0):
 Metaspace       used 40013K, committed 40384K, reserved 1114112K
  class space    used 5478K, committed 5632K, reserved 1048576K
}
Event: 11.746 {metaspace After GC invocations=10 (full 0):
 Metaspace       used 40013K, committed 40384K, reserved 1114112K
  class space    used 5478K, committed 5632K, reserved 1048576K
}
Event: 14.436 {metaspace Before GC invocations=10 (full 0):
 Metaspace       used 44213K, committed 44736K, reserved 1114112K
  class space    used 6060K, committed 6272K, reserved 1048576K
}
Event: 14.446 {metaspace After GC invocations=11 (full 0):
 Metaspace       used 44213K, committed 44736K, reserved 1114112K
  class space    used 6060K, committed 6272K, reserved 1048576K
}
Event: 97.557 {metaspace Before GC invocations=11 (full 0):
 Metaspace       used 49437K, committed 49984K, reserved 1114112K
  class space    used 6816K, committed 7040K, reserved 1048576K
}
Event: 97.594 {metaspace After GC invocations=12 (full 0):
 Metaspace       used 49437K, committed 49984K, reserved 1114112K
  class space    used 6816K, committed 7040K, reserved 1048576K
}

Dll operation events (12 events):
Event: 0.021 Loaded shared library C:\Users\Hanshika Netha\.jdks\openjdk-25.0.2\bin\java.dll
Event: 0.419 Loaded shared library C:\Users\Hanshika Netha\.jdks\openjdk-25.0.2\bin\zip.dll
Event: 0.430 Loaded shared library C:\Users\Hanshika Netha\.jdks\openjdk-25.0.2\bin\instrument.dll
Event: 0.443 Loaded shared library C:\Users\Hanshika Netha\.jdks\openjdk-25.0.2\bin\net.dll
Event: 0.447 Loaded shared library C:\Users\Hanshika Netha\.jdks\openjdk-25.0.2\bin\nio.dll
Event: 0.453 Loaded shared library C:\Users\Hanshika Netha\.jdks\openjdk-25.0.2\bin\zip.dll
Event: 0.743 Loaded shared library C:\Users\Hanshika Netha\.jdks\openjdk-25.0.2\bin\extnet.dll
Event: 0.786 Loaded shared library C:\Users\Hanshika Netha\.jdks\openjdk-25.0.2\bin\jimage.dll
Event: 1.504 Loaded shared library C:\Users\Hanshika Netha\.jdks\openjdk-25.0.2\bin\management.dll
Event: 1.506 Loaded shared library C:\Users\Hanshika Netha\.jdks\openjdk-25.0.2\bin\management_ext.dll
Event: 3.470 Loaded shared library C:\Users\Hanshika Netha\.jdks\openjdk-25.0.2\bin\verify.dll
Event: 14.962 Loaded shared library C:\Users\Hanshika Netha\.jdks\openjdk-25.0.2\bin\sunmscapi.dll

Deoptimization events (20 events):
Event: 225.417 Thread 0x000001e98a0856e0 Uncommon trap: trap_request=0xffffffbe fr.pc=0x000001e9f5677fa0 relative=0x0000000000000220
Event: 225.417 Thread 0x000001e98a0856e0 Uncommon trap: reason=profile_predicate action=maybe_recompile pc=0x000001e9f5677fa0 method=java.util.LinkedHashMap.keysToArray([Ljava/lang/Object;Z)[Ljava/lang/Object; @ 53 c2
Event: 225.417 Thread 0x000001e98a0856e0 DEOPT PACKING pc=0x000001e9f5677fa0 sp=0x000000b1c79fca90
Event: 225.417 Thread 0x000001e98a0856e0 DEOPT UNPACKING pc=0x000001e9f4ebe082 sp=0x000000b1c79fca20 mode 2
Event: 225.417 Thread 0x000001e98a0856e0 Uncommon trap: trap_request=0xffffffbe fr.pc=0x000001e9f5677fa0 relative=0x0000000000000220
Event: 225.417 Thread 0x000001e98a0856e0 Uncommon trap: reason=profile_predicate action=maybe_recompile pc=0x000001e9f5677fa0 method=java.util.LinkedHashMap.keysToArray([Ljava/lang/Object;Z)[Ljava/lang/Object; @ 53 c2
Event: 225.417 Thread 0x000001e98a0856e0 DEOPT PACKING pc=0x000001e9f5677fa0 sp=0x000000b1c79fcc80
Event: 225.417 Thread 0x000001e98a0856e0 DEOPT UNPACKING pc=0x000001e9f4ebe082 sp=0x000000b1c79fcc10 mode 2
Event: 225.418 Thread 0x000001e98a0856e0 Uncommon trap: trap_request=0xffffffbe fr.pc=0x000001e9f5677fa0 relative=0x0000000000000220
Event: 225.418 Thread 0x000001e98a0856e0 Uncommon trap: reason=profile_predicate action=maybe_recompile pc=0x000001e9f5677fa0 method=java.util.LinkedHashMap.keysToArray([Ljava/lang/Object;Z)[Ljava/lang/Object; @ 53 c2
Event: 225.418 Thread 0x000001e98a0856e0 DEOPT PACKING pc=0x000001e9f5677fa0 sp=0x000000b1c79fc7d0
Event: 225.418 Thread 0x000001e98a0856e0 DEOPT UNPACKING pc=0x000001e9f4ebe082 sp=0x000000b1c79fc760 mode 2
Event: 225.418 Thread 0x000001e98a0856e0 Uncommon trap: trap_request=0xffffffbe fr.pc=0x000001e9f5677fa0 relative=0x0000000000000220
Event: 225.418 Thread 0x000001e98a0856e0 Uncommon trap: reason=profile_predicate action=maybe_recompile pc=0x000001e9f5677fa0 method=java.util.LinkedHashMap.keysToArray([Ljava/lang/Object;Z)[Ljava/lang/Object; @ 53 c2
Event: 225.418 Thread 0x000001e98a0856e0 DEOPT PACKING pc=0x000001e9f5677fa0 sp=0x000000b1c79fc590
Event: 225.418 Thread 0x000001e98a0856e0 DEOPT UNPACKING pc=0x000001e9f4ebe082 sp=0x000000b1c79fc520 mode 2
Event: 255.472 Thread 0x000001e98a0856e0 Uncommon trap: trap_request=0xffffffe4 fr.pc=0x000001e9f567a590 relative=0x0000000000000290
Event: 255.472 Thread 0x000001e98a0856e0 Uncommon trap: reason=range_check action=make_not_entrant pc=0x000001e9f567a590 method=java.util.LinkedHashMap.keysToArray([Ljava/lang/Object;Z)[Ljava/lang/Object; @ 67 c2
Event: 255.472 Thread 0x000001e98a0856e0 DEOPT PACKING pc=0x000001e9f567a590 sp=0x000000b1c79fc3b0
Event: 255.472 Thread 0x000001e98a0856e0 DEOPT UNPACKING pc=0x000001e9f4ebe082 sp=0x000000b1c79fc330 mode 2

Classes loaded (20 events):
Event: 17.277 Loading class java/beans/WeakIdentityMap$Entry
Event: 17.277 Loading class java/beans/WeakIdentityMap$Entry done
Event: 17.277 Loading class com/sun/beans/introspect/ClassInfo
Event: 17.278 Loading class com/sun/beans/introspect/ClassInfo done
Event: 17.278 Loading class com/sun/beans/introspect/ClassInfo$1
Event: 17.278 Loading class com/sun/beans/util/Cache
Event: 17.280 Loading class com/sun/beans/util/Cache done
Event: 17.280 Loading class com/sun/beans/introspect/ClassInfo$1 done
Event: 17.280 Loading class com/sun/beans/util/Cache$Kind
Event: 17.280 Loading class com/sun/beans/util/Cache$Kind done
Event: 17.280 Loading class com/sun/beans/util/Cache$Kind$1
Event: 17.281 Loading class com/sun/beans/util/Cache$Kind$1 done
Event: 17.281 Loading class com/sun/beans/util/Cache$Kind$2
Event: 17.281 Loading class com/sun/beans/util/Cache$Kind$2 done
Event: 17.281 Loading class com/sun/beans/util/Cache$Kind$3
Event: 17.281 Loading class com/sun/beans/util/Cache$Kind$3 done
Event: 17.281 Loading class com/sun/beans/util/Cache$CacheEntry
Event: 17.282 Loading class com/sun/beans/util/Cache$CacheEntry done
Event: 24.271 Loading class java/util/concurrent/ConcurrentLinkedQueue$Itr
Event: 24.271 Loading class java/util/concurrent/ConcurrentLinkedQueue$Itr done

Classes unloaded (0 events):
No events

Classes redefined (0 events):
No events

Internal exceptions (20 events):
Event: 12.027 Thread 0x000001e9ffb937b0 Exception <a 'java/lang/NoSuchMethodError'{0x000000008d137630}: 'int java.lang.invoke.DirectMethodHandle$Holder.invokeStatic(java.lang.Object, java.lang.Object, java.lang.Object, java.lang.Object, java.lang.Object)'> (0x000000008d137630) 
thrown [s\open\src\hotspot\share\interpreter\linkResolver.cpp, line 804]
Event: 12.093 Thread 0x000001e9ffb937b0 Exception <a 'java/net/BindException'{0x000000008d0cd090}: Address already in use: bind> (0x000000008d0cd090) 
thrown [s\open\src\hotspot\share\prims\jni.cpp, line 534]
Event: 14.258 Thread 0x000001e9ffb937b0 Exception <a 'java/lang/NoSuchMethodError'{0x000000008c91b6b8}: 'double java.lang.invoke.DirectMethodHandle$Holder.invokeVirtual(java.lang.Object, java.lang.Object)'> (0x000000008c91b6b8) 
thrown [s\open\src\hotspot\share\interpreter\linkResolver.cpp, line 804]
Event: 14.279 Thread 0x000001e9ffb937b0 Exception <a 'java/lang/NoSuchMethodError'{0x000000008c9fa4b0}: 'long java.lang.invoke.DirectMethodHandle$Holder.invokeVirtual(java.lang.Object, java.lang.Object)'> (0x000000008c9fa4b0) 
thrown [s\open\src\hotspot\share\interpreter\linkResolver.cpp, line 804]
Event: 14.510 Thread 0x000001e9ffb937b0 Exception <a 'java/lang/NoSuchMethodError'{0x000000008f64d0e8}: 'int java.lang.invoke.DirectMethodHandle$Holder.invokeStatic(java.lang.Object, int, int, int, int)'> (0x000000008f64d0e8) 
thrown [s\open\src\hotspot\share\interpreter\linkResolver.cpp, line 804]
Event: 14.653 Thread 0x000001e9ffb937b0 Exception <a 'java/lang/NoSuchMethodError'{0x000000008d51fc90}: 'java.lang.Object java.lang.invoke.DirectMethodHandle$Holder.invokeStatic(java.lang.Object, int, java.lang.Object)'> (0x000000008d51fc90) 
thrown [s\open\src\hotspot\share\interpreter\linkResolver.cpp, line 804]
Event: 14.676 Thread 0x000001e9ffb937b0 Exception <a 'java/lang/NoSuchMethodError'{0x000000008d58baa0}: 'java.lang.Object java.lang.invoke.DirectMethodHandle$Holder.invokeStatic(java.lang.Object, int, int)'> (0x000000008d58baa0) 
thrown [s\open\src\hotspot\share\interpreter\linkResolver.cpp, line 804]
Event: 14.702 Thread 0x000001e9ffb937b0 Exception <a 'java/lang/NoSuchMethodError'{0x000000008d42d6d8}: 'long java.lang.invoke.DirectMethodHandle$Holder.invokeStatic(java.lang.Object, java.lang.Object, int)'> (0x000000008d42d6d8) 
thrown [s\open\src\hotspot\share\interpreter\linkResolver.cpp, line 804]
Event: 14.703 Thread 0x000001e9ffb937b0 Exception <a 'java/lang/NoSuchMethodError'{0x000000008d43e120}: 'long java.lang.invoke.DelegatingMethodHandle$Holder.reinvoke_L(java.lang.Object, java.lang.Object, int)'> (0x000000008d43e120) 
thrown [s\open\src\hotspot\share\interpreter\linkResolver.cpp, line 804]
Event: 14.706 Thread 0x000001e9ffb937b0 Exception <a 'java/lang/NoSuchMethodError'{0x000000008d456bc0}: 'java.lang.Object java.lang.invoke.DelegatingMethodHandle$Holder.reinvoke_L(java.lang.Object, int, int, long, java.lang.Object, long, long, long)'> (0x000000008d456bc0) 
thrown [s\open\src\hotspot\share\interpreter\linkResolver.cpp, line 804]
Event: 14.714 Thread 0x000001e9ffb937b0 Exception <a 'java/lang/NoSuchMethodError'{0x000000008d4b3430}: 'java.lang.Object java.lang.invoke.DelegatingMethodHandle$Holder.reinvoke_L(java.lang.Object, java.lang.Object, java.lang.Object, java.lang.Object, java.lang.Object, java.lang.Object, java.lang.Object, java.lang.Object, java.lang.Object, java.lang.Object, java.lang.Object, java.lang.Object, java.lang.Object, java.lang.Object, int, java.lang.Object, java.lang.Object, java.lang.Object, java.lang.Object, java.lang.Object, java.lang.Object, java.l
Event: 14.726 Thread 0x000001e9ffb937b0 Exception <a 'java/lang/NoSuchMethodError'{0x000000008d314220}: 'java.lang.Object java.lang.invoke.DirectMethodHandle$Holder.invokeStatic(java.lang.Object, java.lang.Object, java.lang.Object, java.lang.Object, java.lang.Object, java.lang.Object, java.lang.Object, java.lang.Object, java.lang.Object, java.lang.Object, java.lang.Object)'> (0x000000008d314220) 
thrown [s\open\src\hotspot\share\interpreter\linkResolver.cpp, line 804]
Event: 14.739 Thread 0x000001e9ffb937b0 Exception <a 'java/lang/NoSuchMethodError'{0x000000008d33d920}: 'java.lang.Object java.lang.invoke.DirectMethodHandle$Holder.invokeStatic(java.lang.Object, java.lang.Object, java.lang.Object, java.lang.Object, java.lang.Object, java.lang.Object, java.lang.Object, java.lang.Object, java.lang.Object, java.lang.Object, java.lang.Object, java.lang.Object)'> (0x000000008d33d920) 
thrown [s\open\src\hotspot\share\interpreter\linkResolver.cpp, line 804]
Event: 14.746 Thread 0x000001e9ffb937b0 Exception <a 'java/lang/NoSuchMethodError'{0x000000008d368050}: 'java.lang.Object java.lang.invoke.DirectMethodHandle$Holder.invokeStatic(java.lang.Object, java.lang.Object, java.lang.Object, java.lang.Object, java.lang.Object, java.lang.Object, java.lang.Object, java.lang.Object, java.lang.Object, java.lang.Object, java.lang.Object, java.lang.Object, java.lang.Object)'> (0x000000008d368050) 
thrown [s\open\src\hotspot\share\interpreter\linkResolver.cpp, line 804]
Event: 14.750 Thread 0x000001e9ffb937b0 Exception <a 'java/lang/NoSuchMethodError'{0x000000008d393cc8}: 'java.lang.Object java.lang.invoke.DirectMethodHandle$Holder.invokeStatic(java.lang.Object, java.lang.Object, java.lang.Object, java.lang.Object, java.lang.Object, java.lang.Object, java.lang.Object, java.lang.Object, java.lang.Object, java.lang.Object, java.lang.Object, java.lang.Object, java.lang.Object, java.lang.Object)'> (0x000000008d393cc8) 
thrown [s\open\src\hotspot\share\interpreter\linkResolver.cpp, line 804]
Event: 14.754 Thread 0x000001e9ffb937b0 Exception <a 'java/lang/NoSuchMethodError'{0x000000008d3b94c0}: 'java.lang.Object java.lang.invoke.DelegatingMethodHandle$Holder.reinvoke_L(java.lang.Object, java.lang.Object, java.lang.Object, java.lang.Object, java.lang.Object, java.lang.Object, java.lang.Object, java.lang.Object, java.lang.Object, java.lang.Object, java.lang.Object, java.lang.Object, java.lang.Object, java.lang.Object, java.lang.Object, java.lang.Object, java.lang.Object, java.lang.Object, java.lang.Object, java.lang.Object, java.lang.O
Event: 14.843 Thread 0x000001e9ffb937b0 Exception <a 'java/lang/IncompatibleClassChangeError'{0x000000008d0b4d18}: Found class java.lang.Object, but interface was expected> (0x000000008d0b4d18) 
thrown [s\open\src\hotspot\share\interpreter\linkResolver.cpp, line 871]
Event: 14.997 Thread 0x000001e9ffb937b0 Exception <a 'java/lang/UnsatisfiedLinkError'{0x000000008cc895c8}: 'int io.netty.channel.epoll.Native.offsetofEpollData()'> (0x000000008cc895c8) 
thrown [s\open\src\hotspot\share\prims\nativeLookup.cpp, line 415]
Event: 15.000 Thread 0x000001e9ffb937b0 Exception <a 'java/lang/ExceptionInInitializerError'{0x000000008cc93248}> (0x000000008cc93248) 
thrown [s\open\src\hotspot\share\oops\instanceKlass.cpp, line 1354]
Event: 15.191 Thread 0x000001e9ffb937b0 Exception <a 'java/lang/IncompatibleClassChangeError'{0x000000008c9bc3d8}: Found class java.lang.Object, but interface was expected> (0x000000008c9bc3d8) 
thrown [s\open\src\hotspot\share\interpreter\linkResolver.cpp, line 871]

VM Operations (20 events):
Event: 14.214 Executing non-safepoint VM operation: HandshakeAllThreads (Deoptimize)
Event: 14.214 Executing non-safepoint VM operation: HandshakeAllThreads (Deoptimize) done
Event: 14.367 Executing non-safepoint VM operation: HandshakeAllThreads (Deoptimize)
Event: 14.367 Executing non-safepoint VM operation: HandshakeAllThreads (Deoptimize) done
Event: 14.436 Executing safepoint VM operation: G1CollectForAllocation (G1 Evacuation Pause)
Event: 14.446 Executing safepoint VM operation: G1CollectForAllocation (G1 Evacuation Pause) done
Event: 14.824 Executing non-safepoint VM operation: HandshakeAllThreads (Deoptimize)
Event: 14.824 Executing non-safepoint VM operation: HandshakeAllThreads (Deoptimize) done
Event: 14.845 Executing non-safepoint VM operation: HandshakeAllThreads (Deoptimize)
Event: 14.845 Executing non-safepoint VM operation: HandshakeAllThreads (Deoptimize) done
Event: 14.939 Executing non-safepoint VM operation: HandshakeAllThreads (Deoptimize)
Event: 14.939 Executing non-safepoint VM operation: HandshakeAllThreads (Deoptimize) done
Event: 15.166 Executing non-safepoint VM operation: HandshakeAllThreads (Deoptimize)
Event: 15.166 Executing non-safepoint VM operation: HandshakeAllThreads (Deoptimize) done
Event: 60.056 Executing non-safepoint VM operation: HandshakeAllThreads (HandshakeForDeflation)
Event: 60.056 Executing non-safepoint VM operation: HandshakeAllThreads (HandshakeForDeflation) done
Event: 60.056 Executing non-safepoint VM operation: RendezvousGCThreads
Event: 60.056 Executing non-safepoint VM operation: RendezvousGCThreads done
Event: 97.557 Executing safepoint VM operation: G1CollectForAllocation (G1 Evacuation Pause)
Event: 97.594 Executing safepoint VM operation: G1CollectForAllocation (G1 Evacuation Pause) done

Memory protections (0 events):
No events

Nmethod flushes (20 events):
Event: 10.084 Thread 0x000001e9ff7e4bf0 flushing  nmethod 0x000001e9edaea008
Event: 10.084 Thread 0x000001e9ff7e4bf0 flushing  nmethod 0x000001e9edaed888
Event: 10.084 Thread 0x000001e9ff7e4bf0 flushing  nmethod 0x000001e9edaedb88
Event: 10.084 Thread 0x000001e9ff7e4bf0 flushing  nmethod 0x000001e9edb47488
Event: 10.084 Thread 0x000001e9ff7e4bf0 flushing  nmethod 0x000001e9edb64008
Event: 10.084 Thread 0x000001e9ff7e4bf0 flushing  nmethod 0x000001e9edb64c08
Event: 10.084 Thread 0x000001e9ff7e4bf0 flushing  nmethod 0x000001e9edbeb908
Event: 10.084 Thread 0x000001e9ff7e4bf0 flushing  nmethod 0x000001e9edbf0388
Event: 10.084 Thread 0x000001e9ff7e4bf0 flushing  nmethod 0x000001e9edc56808
Event: 10.084 Thread 0x000001e9ff7e4bf0 flushing  nmethod 0x000001e9edc8c488
Event: 10.084 Thread 0x000001e9ff7e4bf0 flushing osr nmethod 0x000001e9edc8c788
Event: 10.084 Thread 0x000001e9ff7e4bf0 flushing  nmethod 0x000001e9edc8d388
Event: 10.084 Thread 0x000001e9ff7e4bf0 flushing osr nmethod 0x000001e9edc8e688
Event: 10.084 Thread 0x000001e9ff7e4bf0 flushing  nmethod 0x000001e9edc8f008
Event: 10.084 Thread 0x000001e9ff7e4bf0 flushing  nmethod 0x000001e9edc8f308
Event: 10.084 Thread 0x000001e9ff7e4bf0 flushing  nmethod 0x000001e9edc92608
Event: 10.084 Thread 0x000001e9ff7e4bf0 flushing  nmethod 0x000001e9edc92b88
Event: 10.084 Thread 0x000001e9ff7e4bf0 flushing  nmethod 0x000001e9edc95708
Event: 10.084 Thread 0x000001e9ff7e4bf0 flushing  nmethod 0x000001e9edc95a08
Event: 10.084 Thread 0x000001e9ff7e4bf0 flushing  nmethod 0x000001e9edcb0f08

Events (20 events):
Event: 14.780 Thread 0x000001e9ffb937b0 Thread added: 0x000001e9887c4f30
Event: 14.781 Thread 0x000001e9ffb937b0 Thread added: 0x000001e9887c66a0
Event: 14.784 Thread 0x000001e9ffb937b0 Thread added: 0x000001e9887c7e10
Event: 15.158 Thread 0x000001e989943ed0 Thread exited: 0x000001e989943ed0
Event: 15.183 Thread 0x000001e9ffb937b0 Thread added: 0x000001e9887c7640
Event: 15.192 Thread 0x000001e9ffb937b0 Thread added: 0x000001e98993dc00
Event: 15.204 Thread 0x000001e9ffb937b0 Thread added: 0x000001e98a082800
Event: 17.271 Thread 0x000001e9ffb937b0 Thread exited: 0x000001e9ffb937b0
Event: 17.283 Thread 0x000001e986c71fa0 Thread exited: 0x000001e986c71fa0
Event: 17.284 Thread 0x000001e9e4ff4b00 Thread exited: 0x000001e9e4ff4b00
Event: 17.284 Thread 0x000001e98a081860 Thread added: 0x000001e98a081860
Event: 44.788 Thread 0x000001e9887c66a0 Thread added: 0x000001e98a0800f0
Event: 44.788 Thread 0x000001e9887c4f30 Thread added: 0x000001e98a0856e0
Event: 73.029 Thread 0x000001e986d80940 Thread exited: 0x000001e986d80940
Event: 77.108 Thread 0x000001e989938610 Thread exited: 0x000001e989938610
Event: 78.148 Thread 0x000001e9899395b0 Thread exited: 0x000001e9899395b0
Event: 80.184 Thread 0x000001e98a082800 Thread exited: 0x000001e98a082800
Event: 81.211 Thread 0x000001e9ff8065a0 Thread exited: 0x000001e9ff8065a0
Event: 195.075 Thread 0x000001e9ff818850 Thread added: 0x000001e989946720
Event: 195.328 Thread 0x000001e989946720 Thread exited: 0x000001e989946720


Dynamic libraries:
0x00007ff7db740000 - 0x00007ff7db74e000 	C:\Users\Hanshika Netha\.jdks\openjdk-25.0.2\bin\java.exe
0x00007ffa1db80000 - 0x00007ffa1dde7000 	C:\WINDOWS\SYSTEM32\ntdll.dll
0x00007ffa1c7f0000 - 0x00007ffa1c8b9000 	C:\WINDOWS\System32\KERNEL32.DLL
0x00007ffa1b320000 - 0x00007ffa1b714000 	C:\WINDOWS\System32\KERNELBASE.dll
0x00007ffa1a450000 - 0x00007ffa1a59b000 	C:\WINDOWS\System32\ucrtbase.dll
0x00007ffa15a40000 - 0x00007ffa15a57000 	C:\Users\Hanshika Netha\.jdks\openjdk-25.0.2\bin\jli.dll
0x00007ffa0ace0000 - 0x00007ffa0acfe000 	C:\Users\Hanshika Netha\.jdks\openjdk-25.0.2\bin\VCRUNTIME140.dll
0x00007ffa1d850000 - 0x00007ffa1da15000 	C:\WINDOWS\System32\USER32.dll
0x00007ffa1b1c0000 - 0x00007ffa1b1e7000 	C:\WINDOWS\System32\win32u.dll
0x00007ffa037d0000 - 0x00007ffa03a63000 	C:\WINDOWS\WinSxS\amd64_microsoft.windows.common-controls_6595b64144ccf1df_6.0.26100.8115_none_3e075c82e3354f9c\COMCTL32.dll
0x00007ffa1c7c0000 - 0x00007ffa1c7eb000 	C:\WINDOWS\System32\GDI32.dll
0x00007ffa1c360000 - 0x00007ffa1c409000 	C:\WINDOWS\System32\msvcrt.dll
0x00007ffa1b1f0000 - 0x00007ffa1b31b000 	C:\WINDOWS\System32\gdi32full.dll
0x00007ffa1b720000 - 0x00007ffa1b7c3000 	C:\WINDOWS\System32\msvcp_win.dll
0x00007ffa1c410000 - 0x00007ffa1c442000 	C:\WINDOWS\System32\IMM32.DLL
0x00007ffa0acd0000 - 0x00007ffa0acdc000 	C:\Users\Hanshika Netha\.jdks\openjdk-25.0.2\bin\vcruntime140_1.dll
0x00007ffa030f0000 - 0x00007ffa0317d000 	C:\Users\Hanshika Netha\.jdks\openjdk-25.0.2\bin\msvcp140.dll
0x00007ff98c6a0000 - 0x00007ff98d4ff000 	C:\Users\Hanshika Netha\.jdks\openjdk-25.0.2\bin\server\jvm.dll
0x00007ffa1c450000 - 0x00007ffa1c506000 	C:\WINDOWS\System32\ADVAPI32.dll
0x00007ffa1c8c0000 - 0x00007ffa1c967000 	C:\WINDOWS\System32\sechost.dll
0x00007ffa1da20000 - 0x00007ffa1db38000 	C:\WINDOWS\System32\RPCRT4.dll
0x00007ffa1be30000 - 0x00007ffa1beb0000 	C:\WINDOWS\System32\WS2_32.dll
0x00007ffa1a2b0000 - 0x00007ffa1a30e000 	C:\WINDOWS\SYSTEM32\POWRPROF.dll
0x00007ffa12460000 - 0x00007ffa12496000 	C:\WINDOWS\SYSTEM32\WINMM.dll
0x00007ffa12500000 - 0x00007ffa1250b000 	C:\WINDOWS\SYSTEM32\VERSION.dll
0x00007ffa1a290000 - 0x00007ffa1a2a4000 	C:\WINDOWS\SYSTEM32\UMPDC.dll
0x00007ffa191e0000 - 0x00007ffa191fb000 	C:\WINDOWS\SYSTEM32\kernel.appcore.dll
0x00007ffa0acc0000 - 0x00007ffa0acca000 	C:\Users\Hanshika Netha\.jdks\openjdk-25.0.2\bin\jimage.dll
0x00007ffa182a0000 - 0x00007ffa184e2000 	C:\WINDOWS\SYSTEM32\DBGHELP.DLL
0x00007ffa1d170000 - 0x00007ffa1d4f2000 	C:\WINDOWS\System32\combase.dll
0x00007ffa1c6e0000 - 0x00007ffa1c7b8000 	C:\WINDOWS\System32\OLEAUT32.dll
0x00007ff9fa500000 - 0x00007ff9fa53b000 	C:\WINDOWS\SYSTEM32\dbgcore.DLL
0x00007ffa1b7d0000 - 0x00007ffa1b875000 	C:\WINDOWS\System32\bcryptPrimitives.dll
0x00007ffa0af00000 - 0x00007ffa0af10000 	C:\Users\Hanshika Netha\.jdks\openjdk-25.0.2\bin\instrument.dll
0x00007ffa0ac50000 - 0x00007ffa0ac6f000 	C:\Users\Hanshika Netha\.jdks\openjdk-25.0.2\bin\java.dll
0x00007ffa1bc40000 - 0x00007ffa1bdd7000 	C:\WINDOWS\System32\ole32.dll
0x00007ffa1c970000 - 0x00007ffa1d0d7000 	C:\WINDOWS\System32\SHELL32.dll
0x00007ffa1a720000 - 0x00007ffa1a88a000 	C:\WINDOWS\System32\wintypes.dll
0x00007ffa1a950000 - 0x00007ffa1b1b8000 	C:\WINDOWS\System32\windows.storage.dll
0x00007ffa1b9e0000 - 0x00007ffa1bad8000 	C:\WINDOWS\System32\SHCORE.dll
0x00007ffa1b910000 - 0x00007ffa1b976000 	C:\WINDOWS\System32\shlwapi.dll
0x00007ffa1a370000 - 0x00007ffa1a399000 	C:\WINDOWS\SYSTEM32\profapi.dll
0x00007ffa030d0000 - 0x00007ffa030e7000 	C:\Users\Hanshika Netha\.jdks\openjdk-25.0.2\bin\zip.dll
0x00007ffa03340000 - 0x00007ffa03352000 	C:\Users\Hanshika Netha\.jdks\openjdk-25.0.2\bin\net.dll
0x00007ffa19750000 - 0x00007ffa197bc000 	C:\WINDOWS\system32\mswsock.dll
0x00007ffa03320000 - 0x00007ffa03336000 	C:\Users\Hanshika Netha\.jdks\openjdk-25.0.2\bin\nio.dll
0x00007ffa035b0000 - 0x00007ffa035b9000 	C:\Users\Hanshika Netha\.jdks\openjdk-25.0.2\bin\extnet.dll
0x00007ffa03310000 - 0x00007ffa0331a000 	C:\Users\Hanshika Netha\.jdks\openjdk-25.0.2\bin\management.dll
0x00007ffa03300000 - 0x00007ffa0330c000 	C:\Users\Hanshika Netha\.jdks\openjdk-25.0.2\bin\management_ext.dll
0x00007ffa1d500000 - 0x00007ffa1d508000 	C:\WINDOWS\System32\PSAPI.DLL
0x00007ffa18c10000 - 0x00007ffa18c42000 	C:\WINDOWS\SYSTEM32\IPHLPAPI.DLL
0x00007ffa1bec0000 - 0x00007ffa1beca000 	C:\WINDOWS\System32\NSI.dll
0x00007ffa18cb0000 - 0x00007ffa18de2000 	C:\WINDOWS\SYSTEM32\DNSAPI.dll
0x00007ffa02940000 - 0x00007ffa02950000 	C:\Users\Hanshika Netha\.jdks\openjdk-25.0.2\bin\verify.dll
0x00007ffa0eeb0000 - 0x00007ffa0eebb000 	C:\Windows\System32\rasadhlp.dll
0x00007ffa142f0000 - 0x00007ffa14376000 	C:\WINDOWS\System32\fwpuclnt.dll
0x00007ffa19a30000 - 0x00007ffa19a4b000 	C:\WINDOWS\SYSTEM32\CRYPTSP.dll
0x00007ffa19140000 - 0x00007ffa19179000 	C:\WINDOWS\system32\rsaenh.dll
0x00007ffa19800000 - 0x00007ffa19833000 	C:\WINDOWS\SYSTEM32\USERENV.dll
0x00007ffa1a340000 - 0x00007ffa1a36a000 	C:\WINDOWS\SYSTEM32\bcrypt.dll
0x00007ffa19a50000 - 0x00007ffa19a5c000 	C:\WINDOWS\SYSTEM32\CRYPTBASE.dll
0x00007ffa06980000 - 0x00007ffa0698e000 	C:\Users\Hanshika Netha\.jdks\openjdk-25.0.2\bin\sunmscapi.dll
0x00007ffa1a5a0000 - 0x00007ffa1a717000 	C:\WINDOWS\System32\CRYPT32.dll
0x00007ffa19c50000 - 0x00007ffa19c80000 	C:\WINDOWS\SYSTEM32\ncrypt.dll
0x00007ffa19c00000 - 0x00007ffa19c3f000 	C:\WINDOWS\SYSTEM32\NTASN1.dll
0x00007ff9fb3c0000 - 0x00007ff9fb3c8000 	C:\WINDOWS\system32\wshunix.dll

JVMTI agents:
C:\Program Files\JetBrains\IntelliJ IDEA Community Edition 2025.2.6.1\lib\idea_rt.jar path:C:\Users\Hanshika Netha\.jdks\openjdk-25.0.2\bin\instrument.dll, loaded, initialized, instrumentlib options:51492

dbghelp: loaded successfully - version: 4.0.5 - missing functions: none
symbol engine: initialized successfully - sym options: 0x614 - pdb path: .;C:\Users\Hanshika Netha\.jdks\openjdk-25.0.2\bin;C:\WINDOWS\SYSTEM32;C:\WINDOWS\WinSxS\amd64_microsoft.windows.common-controls_6595b64144ccf1df_6.0.26100.8115_none_3e075c82e3354f9c;C:\Users\Hanshika Netha\.jdks\openjdk-25.0.2\bin\server

VM Arguments:
jvm_args: -javaagent:C:\Program Files\JetBrains\IntelliJ IDEA Community Edition 2025.2.6.1\lib\idea_rt.jar=51492 -Dfile.encoding=UTF-8 -Dsun.stdout.encoding=UTF-8 -Dsun.stderr.encoding=UTF-8 
java_command: com.example.apiGateway.ApiGatewayApplication
java_class_path (initial): E:\capgeminiTraining\FounderLink - Copy\apiGateway\target\classes;C:\Users\Hanshika Netha\.m2\repository\org\springframework\boot\spring-boot-starter-security\3.5.12\spring-boot-starter-security-3.5.12.jar;C:\Users\Hanshika Netha\.m2\repository\org\springframework\boot\spring-boot-starter\3.5.12\spring-boot-starter-3.5.12.jar;C:\Users\Hanshika Netha\.m2\repository\org\springframework\boot\spring-boot-starter-logging\3.5.12\spring-boot-starter-logging-3.5.12.jar;C:\Users\Hanshika Netha\.m2\repository\ch\qos\logback\logback-classic\1.5.32\logback-classic-1.5.32.jar;C:\Users\Hanshika Netha\.m2\repository\ch\qos\logback\logback-core\1.5.32\logback-core-1.5.32.jar;C:\Users\Hanshika Netha\.m2\repository\org\apache\logging\log4j\log4j-to-slf4j\2.24.3\log4j-to-slf4j-2.24.3.jar;C:\Users\Hanshika Netha\.m2\repository\org\apache\logging\log4j\log4j-api\2.24.3\log4j-api-2.24.3.jar;C:\Users\Hanshika Netha\.m2\repository\org\slf4j\jul-to-slf4j\2.0.17\jul-to-slf4j-2.0.17.jar;C:\Users\Hanshika Netha\.m2\repository\jakarta\annotation\jakarta.annotation-api\2.1.1\jakarta.annotation-api-2.1.1.jar;C:\Users\Hanshika Netha\.m2\repository\org\yaml\snakeyaml\2.4\snakeyaml-2.4.jar;C:\Users\Hanshika Netha\.m2\repository\org\springframework\spring-aop\6.2.17\spring-aop-6.2.17.jar;C:\Users\Hanshika Netha\.m2\repository\org\springframework\spring-beans\6.2.17\spring-beans-6.2.17.jar;C:\Users\Hanshika Netha\.m2\repository\org\springframework\security\spring-security-config\6.5.9\spring-security-config-6.5.9.jar;C:\Users\Hanshika Netha\.m2\repository\org\springframework\spring-context\6.2.17\spring-context-6.2.17.jar;C:\Users\Hanshika Netha\.m2\repository\org\springframework\security\spring-security-web\6.5.9\spring-security-web-6.5.9.jar;C:\Users\Hanshika Netha\.m2\repository\org\springframework\spring-expression\6.2.17\spring-expression-6.2.17.jar;C:\Users\Hanshika Netha\.m2\repository\org\springframework\cloud\spring-cloud-starter-config\4.3.1\spring-cloud-starter-config-4.3.1.jar;C:\Users\Hanshika Netha\.m2\repository\org\springframework\cloud\spring-cloud-starter\4.3.1\spring-cloud-starter-4.3.1.jar;C:\Users\Hanshika Netha\.m2\repository\org\springframework\cloud\spring-cloud-context\4.3.1\spring-cloud-context-4.3.1.jar;C:\Users\Hanshika Netha\.m2\repository\org\springframework\cloud\spring-cloud-commons\4.3.1\spring-cloud-commons-4.3.1.jar;C:\Users\Hanshika Netha\.m2\repository\org\bouncycastle\bcprov-jdk18on\1.80\bcprov-jdk18on-1.80.jar;C:\Users\Hanshika Netha\.m2\repository\com\fasterxml\jackson\core\jackson-databind\2.19.4\jackson-databind-2.19.4.jar;C:\Users\Hanshika Netha\.m2\repository\com\fasterxml\jackson\core\jackson-core\2.19.4\jackson-core-2.19.4.jar;C:\Users\Hanshika Netha\.m2\repository\org\springframework\cloud\spring-cloud-starter-gateway-server-webflux\4.3.3\spring-cloud-starter-gateway-server-webflux-4.3.3.jar;C:\Users\Hanshika Netha\.m2\repository\org\springframework\cloud\spring-cloud-gateway-server-webflux\4.3.3\spring-cloud-gateway-server-webflux-4.3.3.jar;C:\Users\Hanshika Netha\.m2\repository\org\springframework\cloud\spring-cloud-gateway-server\4.3.3\spring-cloud-gateway-server-4.3.3.jar;C:\Users\Hanshika Netha\.m2\repository\org\springframework\boot\spring-boot-starter-validation\3.5.12\spring-boot-starter-validation-3.5.12.jar;C:\Users\Hanshika Netha\.m2\repository\org\apache\tomcat\embed\tomcat-embed-el\10.1.52\tomcat-embed-el-10.1.52.jar;C:\Users\Hanshika Netha\.m2\repository\org\hibernate\validator\hibernate-validator\8.0.3.Final\hibernate-validator-8.0.3.Final.jar;C:\Users\Hanshika Netha\.m2\repository\jakarta\validation\jakarta.validation-api\3.0.2\jakarta.validation-api-3.0.2.jar;C:\Users\Hanshika Netha\.m2\repository\org\jboss\logging\jboss-logging\3.6.3.Final\jboss-logging-3.6.3.Final.jar;C:\Users\Hanshika Netha\.m2\repository\com\fasterxml\classmate\1.7.3\classmate-1.7.3.jar;C:\Users\Hanshika Netha\.m2\repository\io\projectreactor\addons\reactor-extra\3.5.4\reactor-extra-3.5.4.jar;C:\Users\Hanshika Netha\.m2\repository\org\springframework\boot\spring-boot-starter-webflux\3.5.12\spring-boot-starter-webflux-3.5.12.jar;C:\Users\Hanshika Netha\.m2\repository\org\springframework\boot\spring-boot-starter-json\3.5.12\spring-boot-starter-json-3.5.12.jar;C:\Users\Hanshika Netha\.m2\repository\com\fasterxml\jackson\datatype\jackson-datatype-jdk8\2.19.4\jackson-datatype-jdk8-2.19.4.jar;C:\Users\Hanshika Netha\.m2\repository\com\fasterxml\jackson\datatype\jackson-datatype-jsr310\2.19.4\jackson-datatype-jsr310-2.19.4.jar;C:\Users\Hanshika Netha\.m2\repository\com\fasterxml\jackson\module\jackson-module-parameter-names\2.19.4\jackson-module-parameter-names-2.19.4.jar;C:\Users\Hanshika Netha\.m2\repository\org\springframework\boot\spring-boot-starter-reactor-netty\3.5.12\spring-boot-starter-reactor-netty-3.5.12.jar;C:\Users\Hanshika Netha\.m2\repository\io\projectreactor\netty\reactor-netty-http\1.2.16\reactor-netty-http-1.2.16.jar;C:\Users\Hanshika Netha\.m2\repository\io\netty\netty-codec-http\4.1.131.Final\netty-codec-http-4.1.131.Final.jar;C:\Users\Hanshika Netha\.m2\repository\io\netty\netty-common\4.1.131.Final\netty-common-4.1.131.Final.jar;C:\Users\Hanshika Netha\.m2\repository\io\netty\netty-buffer\4.1.131.Final\netty-buffer-4.1.131.Final.jar;C:\Users\Hanshika Netha\.m2\repository\io\netty\netty-transport\4.1.131.Final\netty-transport-4.1.131.Final.jar;C:\Users\Hanshika Netha\.m2\repository\io\netty\netty-codec\4.1.131.Final\netty-codec-4.1.131.Final.jar;C:\Users\Hanshika Netha\.m2\repository\io\netty\netty-handler\4.1.131.Final\netty-handler-4.1.131.Final.jar;C:\Users\Hanshika Netha\.m2\repository\io\netty\netty-codec-http2\4.1.131.Final\netty-codec-http2-4.1.131.Final.jar;C:\Users\Hanshika Netha\.m2\repository\io\netty\netty-resolver-dns\4.1.131.Final\netty-resolver-dns-4.1.131.Final.jar;C:\Users\Hanshika Netha\.m2\repository\io\netty\netty-resolver\4.1.131.Final\netty-resolver-4.1.131.Final.jar;C:\Users\Hanshika Netha\.m2\repository\io\netty\netty-codec-dns\4.1.131.Final\netty-codec-dns-4.1.131.Final.jar;C:\Users\Hanshika Netha\.m2\repository\io\netty\netty-resolver-dns-native-macos\4.1.131.Final\netty-resolver-dns-native-macos-4.1.131.Final-osx-x86_64.jar;C:\Users\Hanshika Netha\.m2\repository\io\netty\netty-resolver-dns-classes-macos\4.1.131.Final\netty-resolver-dns-classes-macos-4.1.131.Final.jar;C:\Users\Hanshika Netha\.m2\repository\io\netty\netty-transport-native-epoll\4.1.131.Final\netty-transport-native-epoll-4.1.131.Final-linux-x86_64.jar;C:\Users\Hanshika Netha\.m2\repository\io\netty\netty-transport-native-unix-common\4.1.131.Final\netty-transport-native-unix-common-4.1.131.Final.jar;C:\Users\Hanshika Netha\.m2\repository\io\netty\netty-transport-classes-epoll\4.1.131.Final\netty-transport-classes-epoll-4.1.131.Final.jar;C:\Users\Hanshika Netha\.m2\repository\io\projectreactor\netty\reactor-netty-core\1.2.16\reactor-netty-core-1.2.16.jar;C:\Users\Hanshika Netha\.m2\repository\io\netty\netty-handler-proxy\4.1.131.Final\netty-handler-proxy-4.1.131.Final.jar;C:\Users\Hanshika Netha\.m2\repository\io\netty\netty-codec-socks\4.1.131.Final\netty-codec-socks-4.1.131.Final.jar;C:\Users\Hanshika Netha\.m2\repository\org\springframework\spring-webflux\6.2.17\spring-webflux-6.2.17.jar;C:\Users\Hanshika Netha\.m2\repository\io\projectreactor\reactor-core\3.7.17\reactor-core-3.7.17.jar;C:\Users\Hanshika Netha\.m2\repository\org\reactivestreams\reactive-streams\1.0.4\reactive-streams-1.0.4.jar;C:\Users\Hanshika Netha\.m2\repository\org\springframework\boot\spring-boot-properties-migrator\3.5.12\spring-boot-properties-migrator-3.5.12.jar;C:\Users\Hanshika Netha\.m2\repository\org\springframework\boot\spring-boot-configuration-metadata\3.5.12\spring-boot-configuration-metadata-3.5.12.jar;C:\Users\Hanshika Netha\.m2\repository\org\springframework\cloud\spring-cloud-starter-netflix-eureka-client\4.3.1\spring-cloud-starter-netflix-eureka-client-4.3.1.jar;C:\Users\Hanshika Netha\.m2\repository\org\springframework\cloud\spring-cloud-netflix-eureka-client\4.3.1\spring-cloud-netflix-eureka-client-4.3.1.jar;C:\Users\Hanshika Netha\.m2\repository\com\netflix\eureka\eureka-client\2.0.5\eureka-client-2.0.5.jar;C:\Users\Hanshika Netha\.m2\repository\com\thoughtworks\xstream\xstream\1.4.21\xstream-1.4.21.jar;C:\Users\Hanshika Netha\.m2\repository\io\github\x-stream\mxparser\1.2.2\mxparser-1.2.2.jar;C:\Users\Hanshika Netha\.m2\repository\xmlpull\xmlpull\1.1.3.1\xmlpull-1.1.3.1.jar;C:\Users\Hanshika Netha\.m2\repository\jakarta\ws\rs\jakarta.ws.rs-api\3.1.0\jakarta.ws.rs-api-3.1.0.jar;C:\Users\Hanshika Netha\.m2\repository\jakarta\inject\jakarta.inject-api\2.0.1\jakarta.inject-api-2.0.1.jar;C:\Users\Hanshika Netha\.m2\repository\com\netflix\spectator\spectator-api\1.7.3\spectator-api-1.7.3.jar;C:\Users\Hanshika Netha\.m2\repository\org\slf4j\slf4j-api\2.0.17\slf4j-api-2.0.17.jar;C:\Users\Hanshika Netha\.m2\repository\org\apache\httpcomponents\httpclient\4.5.3\httpclient-4.5.3.jar;C:\Users\Hanshika Netha\.m2\repository\org\apache\httpcomponents\httpcore\4.4.16\httpcore-4.4.16.jar;C:\Users\Hanshika Netha\.m2\repository\commons-codec\commons-codec\1.18.0\commons-codec-1.18.0.jar;C:\Users\Hanshika Netha\.m2\repository\commons-configuration\commons-configuration\1.10\commons-configuration-1.10.jar;C:\Users\Hanshika Netha\.m2\repository\commons-lang\commons-lang\2.6\commons-lang-2.6.jar;C:\Users\Hanshika Netha\.m2\repository\com\netflix\netflix-commons\netflix-eventbus\0.3.0\netflix-eventbus-0.3.0.jar;C:\Users\Hanshika Netha\.m2\repository\com\netflix\netflix-commons\netflix-infix\0.3.0\netflix-infix-0.3.0.jar;C:\Users\Hanshika Netha\.m2\repository\commons-jxpath\commons-jxpath\1.3\commons-jxpath-1.3.jar;C:\Users\Hanshika Netha\.m2\repository\joda-time\joda-time\2.3\joda-time-2.3.jar;C:\Users\Hanshika Netha\.m2\repository\org\antlr\antlr-runtime\3.4\antlr-runtime-3.4.jar;C:\Users\Hanshika Netha\.m2\repository\org\antlr\stringtemplate\3.2.1\stringtemplate-3.2.1.jar;C:\Users\Hanshika Netha\.m2\repository\antlr\antlr\2.7.7\antlr-2.7.7.jar;C:\Users\Hanshika Netha\.m2\repository\com\google\code\gson\gson\2.13.2\gson-2.13.2.jar;C:\Users\Hanshika Netha\.m2\repository\com\google\errorprone\error_prone_annotations\2.41.0\error_prone_annotations-2.41.0.jar;C:\Users\Hanshika Netha\.m2\repository\com\netflix\servo\servo-core\0.5.3\servo-core-0.5.3.jar;C:\Users\Hanshika Netha\.m2\repository\org\apache\commons\commons-math\2.2\commons-math-2.2.jar;C:\Users\Hanshika Netha\.m2\repository\javax\annotation\javax.annotation-api\1.2\javax.annotation-api-1.2.jar;C:\Users\Hanshika Netha\.m2\repository\org\codehaus\jettison\jettison\1.5.4\jettison-1.5.4.jar;C:\Users\Hanshika Netha\.m2\repository\org\springframework\cloud\spring-cloud-starter-loadbalancer\4.3.1\spring-cloud-starter-loadbalancer-4.3.1.jar;C:\Users\Hanshika Netha\.m2\repository\org\springframework\cloud\spring-cloud-loadbalancer\4.3.1\spring-cloud-loadbalancer-4.3.1.jar;C:\Users\Hanshika Netha\.m2\repository\org\springframework\boot\spring-boot-starter-cache\3.5.12\spring-boot-starter-cache-3.5.12.jar;C:\Users\Hanshika Netha\.m2\repository\org\springframework\spring-context-support\6.2.17\spring-context-support-6.2.17.jar;C:\Users\Hanshika Netha\.m2\repository\com\stoyanr\evictor\1.0.0\evictor-1.0.0.jar;C:\Users\Hanshika Netha\.m2\repository\org\springframework\boot\spring-boot-devtools\3.5.12\spring-boot-devtools-3.5.12.jar;C:\Users\Hanshika Netha\.m2\repository\org\springframework\boot\spring-boot\3.5.12\spring-boot-3.5.12.jar;C:\Users\Hanshika Netha\.m2\repository\org\springframework\boot\spring-boot-autoconfigure\3.5.12\spring-boot-autoconfigure-3.5.12.jar;C:\Users\Hanshika Netha\.m2\repository\org\projectlombok\lombok\1.18.44\lombok-1.18.44.jar;C:\Users\Hanshika Netha\.m2\repository\com\vaadin\external\google\android-json\0.0.20131108.vaadin1\android-json-0.0.20131108.vaadin1.jar;C:\Users\Hanshika Netha\.m2\repository\org\springframework\spring-core\6.2.17\spring-core-6.2.17.jar;C:\Users\Hanshika Netha\.m2\repository\org\springframework\spring-jcl\6.2.17\spring-jcl-6.2.17.jar;C:\Users\Hanshika Netha\.m2\repository\org\springframework\security\spring-security-core\6.5.9\spring-security-core-6.5.9.jar;C:\Users\Hanshika Netha\.m2\repository\org\springframework\security\spring-security-crypto\6.5.9\spring-security-crypto-6.5.9.jar;C:\Users\Hanshika Netha\.m2\repository\io\micrometer\micrometer-observation\1.15.10\micrometer-observation-1.15.10.jar;C:\Users\Hanshika Netha\.m2\repository\io\micrometer\micrometer-commons\1.15.10\micrometer-commons-1.15.10.jar;C:\Users\Hanshika Netha\.m2\repository\org\springframework\cloud\spring-cloud-starter-bootstrap\4.3.1\spring-cloud-starter-bootstrap-4.3.1.jar;C:\Users\Hanshika Netha\.m2\repository\org\springframework\cloud\spring-cloud-config-client\4.3.1\spring-cloud-config-client-4.3.1.jar;C:\Users\Hanshika Netha\.m2\repository\org\springframework\spring-web\6.2.17\spring-web-6.2.17.jar;C:\Users\Hanshika Netha\.m2\repository\com\fasterxml\jackson\core\jackson-annotations\2.19.4\jackson-annotations-2.19.4.jar;C:\Users\Hanshika Netha\.m2\repository\org\apache\httpcomponents\client5\httpclient5\5.5.2\httpclient5-5.5.2.jar;C:\Users\Hanshika Netha\.m2\repository\org\apache\httpcomponents\core5\httpcore5\5.3.6\httpcore5-5.3.6.jar;C:\Users\Hanshika Netha\.m2\repository\org\apache\httpcomponents\core5\httpcore5-h2\5.3.6\httpcore5-h2-5.3.6.jar;C:\Users\Hanshika Netha\.m2\repository\io\jsonwebtoken\jjwt-api\0.13.0\jjwt-api-0.13.0.jar;C:\Users\Hanshika Netha\.m2\repository\io\jsonwebtoken\jjwt-impl\0.13.0\jjwt-impl-0.13.0.jar;C:\Users\Hanshika Netha\.m2\repository\io\jsonwebtoken\jjwt-jackson\0.13.0\jjwt-jackson-0.13.0.jar
Launcher Type: SUN_STANDARD

[Global flags]
     intx CICompilerCount                          = 3                                         {product} {ergonomic}
     uint ConcGCThreads                            = 2                                         {product} {ergonomic}
     uint G1ConcRefinementThreads                  = 6                                         {product} {ergonomic}
   size_t G1HeapRegionSize                         = 1048576                                   {product} {ergonomic}
   size_t InitialHeapSize                          = 125829120                                 {product} {ergonomic}
   size_t MarkStackSize                            = 4194304                                   {product} {ergonomic}
   size_t MarkStackSizeMax                         = 536870912                                 {product} {ergonomic}
   size_t MaxHeapSize                              = 1983905792                                {product} {ergonomic}
   size_t MaxNewSize                               = 1190133760                                {product} {ergonomic}
   size_t MinHeapDeltaBytes                        = 1048576                                   {product} {ergonomic}
   size_t MinHeapSize                              = 8388608                                   {product} {ergonomic}
    uintx NonNMethodCodeHeapSize                   = 5832704                                {pd product} {ergonomic}
    uintx NonProfiledCodeHeapSize                  = 122945536                              {pd product} {ergonomic}
    uintx ProfiledCodeHeapSize                     = 122880000                              {pd product} {ergonomic}
    uintx ReservedCodeCacheSize                    = 251658240                              {pd product} {ergonomic}
     bool SegmentedCodeCache                       = true                                      {product} {ergonomic}
   size_t SoftMaxHeapSize                          = 1983905792                             {manageable} {ergonomic}
     bool UseCompressedOops                        = true                           {product lp64_product} {ergonomic}
     bool UseG1GC                                  = true                                      {product} {ergonomic}
     bool UseLargePagesIndividualAllocation        = false                                  {pd product} {ergonomic}

Logging:
Log output configuration:
 #0: stdout all=warning uptime,level,tags foldmultilines=false
 #1: stderr all=off uptime,level,tags foldmultilines=false

Release file:
IMPLEMENTOR="Oracle Corporation" 
JAVA_RUNTIME_VERSION="25.0.2+10-69" 
JAVA_VERSION="25.0.2" 
JAVA_VERSION_DATE="2026-01-20" 
LIBC="default" 
MODULES="java.base java.compiler java.datatransfer java.xml java.prefs java.desktop java.instrument java.logging java.management java.security.sasl java.naming java.rmi java.management.rmi java.net.http java.scripting java.security.jgss java.transaction.xa java.sql java.sql.rowset java.xml.crypto java.se java.smartcardio jdk.accessibility jdk.internal.jvmstat jdk.attach jdk.charsets jdk.internal.opt jdk.zipfs jdk.compiler jdk.crypto.cryptoki jdk.crypto.ec jdk.crypto.mscapi jdk.dynalink jdk.internal.ed jdk.editpad jdk.internal.vm.ci jdk.graal.compiler jdk.graal.compiler.management jdk.hotspot.agent jdk.httpserver jdk.incubator.vector jdk.internal.le jdk.internal.md jdk.jartool jdk.javadoc jdk.jcmd jdk.management jdk.management.agent jdk.jconsole jdk.jdeps jdk.jdwp.agent jdk.jdi jdk.jfr jdk.jlink jdk.jpackage jdk.jshell jdk.jsobject jdk.jstatd jdk.localedata jdk.management.jfr jdk.naming.dns jdk.naming.rmi jdk.net jdk.nio.mapmode jdk.sctp jdk.security.auth jdk.security.jgss jdk.unsupported jdk.unsupported.desktop jdk.xml.dom" 
OS_ARCH="x86_64" 
OS_NAME="Windows" 
SOURCE=".:git:405a5699ebd0" 

Environment Variables:
JAVA_HOME=E:\java
PATH=E:\oracle\product\10.2.0\db_1\bin;C:\Program Files\Common Files\Oracle\Java\javapath;C:\Program Files (x86)\Common Files\Oracle\Java\javapath;C:\Program Files (x86)\VMware\VMware Player\bin\;C:\Program Files\Python312\Scripts\;C:\Program Files\Python312\;C:\Program Files\dotnet\;C:\Windows\System32;E:\Hadoop\bin;C:\WINDOWS\System32\wbem;E:\kafka\bin;E:\spark\bin;E:\java\bin;C:\WINDOWS\system32;C:\WINDOWS;C:\WINDOWS\System32\Wbem;C:\WINDOWS\System32\WindowsPowerShell\v1.0\;C:\WINDOWS\System32\OpenSSH\;C:\Program Files\Git\cmd;E:\Erlang\Erlang OTP\bin;C:\Program Files\Docker\Docker\resources\bin;E:\apache-maven-3.9.14\bin;E:\Nodejs\;C:\Program Files\MySQL\MySQL Shell 8.0\bin\;C:\Users\Hanshika Netha\AppData\Local\Microsoft\WindowsApps;C:\Users\Hanshika Netha\AppData\Local\Programs\Microsoft VS Code\bin;C:\Program Files\JetBrains\IntelliJ IDEA Community Edition 2025.2.6.1\bin;E:\Antigravity\Antigravity\bin;C:\Users\Hanshika Netha\AppData\Roaming\npm
USERNAME=Hanshika Netha
OS=Windows_NT
PROCESSOR_IDENTIFIER=AMD64 Family 23 Model 96 Stepping 1, AuthenticAMD
TMP=C:\Users\HANSHI~1\AppData\Local\Temp
TEMP=C:\Users\HANSHI~1\AppData\Local\Temp




Compilation memory statistics disabled.

Periodic native trim disabled

---------------  S Y S T E M  ---------------

OS:
 Windows 11 , 64 bit Build 26100 (10.0.26100.8246)
OS uptime: 11 days 2:55 hours
Hyper-V role detected

CPU: total 6 (initial active 6) (6 cores per cpu, 1 threads per core) family 23 model 96 stepping 1 microcode 0x8600109, cx8, cmov, fxsr, mmx, 3dnowpref, sse, sse2, sse3, ssse3, sse4a, sse4.1, sse4.2, popcnt, lzcnt, tsc, tscinvbit, avx, avx2, aes, clmul, bmi1, bmi2, adx, sha, fma, vzeroupper, clflush, clflushopt, clwb, hv, rdtscp, rdpid, f16c
Processor Information for the first 6 processors :
  Max Mhz: 2375, Current Mhz: 2375, Mhz Limit: 2375

Memory: 4k page, system-wide physical 7564M (293M free)
TotalPageFile size 26314M (AvailPageFile size 2M)
current process WorkingSet (physical memory assigned to process): 49M, peak: 234M
current process commit charge ("private bytes"): 235M, peak: 280M

vm_info: OpenJDK 64-Bit Server VM (25.0.2+10-69) for windows-amd64 JRE (25.0.2+10-69), built on 2025-12-18T11:36:35Z with MS VC++ 17.13 (VS2022)

END.
