#
# There is insufficient memory for the Java Runtime Environment to continue.
# Native memory allocation (malloc) failed to allocate 2098328 bytes. Error detail: Chunk::new
# Possible reasons:
#   The system is out of physical RAM or swap space
#   This process is running with CompressedOops enabled, and the Java Heap may be blocking the growth of the native heap
# Possible solutions:
#   Reduce memory load on the system
#   Increase physical memory or swap space
#   Check if swap backing store is full
#   Decrease Java heap size (-Xmx/-Xms)
#   Decrease number of Java threads
#   Decrease Java thread stack sizes (-Xss)
#   Set larger code cache with -XX:ReservedCodeCacheSize=
#   JVM is running with Unscaled Compressed Oops mode in which the Java heap is
#     placed in the first 4GB address space. The Java Heap base address is the
#     maximum limit for the native heap growth. Please use -XX:HeapBaseMinAddress
#     to set the Java Heap base and to place the Java Heap above 4GB virtual address.
# This output file may be truncated or incomplete.
#
#  Out of Memory Error (arena.cpp:186), pid=13968, tid=2616
#
# JRE version: OpenJDK Runtime Environment (25.0.2+10) (build 25.0.2+10-69)
# Java VM: OpenJDK 64-Bit Server VM (25.0.2+10-69, mixed mode, sharing, tiered, compressed oops, compressed class ptrs, g1 gc, windows-amd64)
# No core dump will be written. Minidumps are not enabled by default on client versions of Windows
#

---------------  S U M M A R Y ------------

Command Line: -javaagent:C:\Program Files\JetBrains\IntelliJ IDEA Community Edition 2025.2.6.1\lib\idea_rt.jar=59460 -Dfile.encoding=UTF-8 -Dsun.stdout.encoding=UTF-8 -Dsun.stderr.encoding=UTF-8 com.example.notificationService.NotificationServiceApplication

Host: AMD Ryzen 5 4500U with Radeon Graphics         , 6 cores, 7G,  Windows 11 , 64 bit Build 26100 (10.0.26100.8246)
Time: Mon Apr 27 12:04:14 2026 India Standard Time elapsed time: 30.244814 seconds (0d 0h 0m 30s)

---------------  T H R E A D  ---------------

Current thread (0x000001926eb8fa60):  JavaThread "C2 CompilerThread0" daemon [_thread_in_native, id=2616, stack(0x000000569ae00000,0x000000569af00000) (1024K)]


Current CompileTask:
C2:30245 6732   !   4       java.util.jar.JarFile::getManifestFromReference (197 bytes)

Stack: [0x000000569ae00000,0x000000569af00000]
Native frames: (J=compiled Java code, j=interpreted, Vv=VM code, C=native code)
V  [jvm.dll+0x7a70f9]  (no source info available)
V  [jvm.dll+0x772d6d]  (no source info available)
V  [jvm.dll+0x965d53]  (no source info available)
V  [jvm.dll+0x968351]  (no source info available)
V  [jvm.dll+0x968a63]  (no source info available)
V  [jvm.dll+0x2fc846]  (no source info available)
V  [jvm.dll+0x111b16]  (no source info available)
V  [jvm.dll+0x111e3e]  (no source info available)
V  [jvm.dll+0x1a0872]  (no source info available)
V  [jvm.dll+0x3b54c2]  (no source info available)
V  [jvm.dll+0x7aca8f]  (no source info available)
V  [jvm.dll+0x2c0b97]  (no source info available)
V  [jvm.dll+0x2bfb5f]  (no source info available)
V  [jvm.dll+0x2379a0]  (no source info available)
V  [jvm.dll+0x2cfc86]  (no source info available)
V  [jvm.dll+0x2cdf05]  (no source info available)
V  [jvm.dll+0x48e9d1]  (no source info available)
V  [jvm.dll+0x906fcd]  (no source info available)
V  [jvm.dll+0x7a56d5]  (no source info available)
C  [ucrtbase.dll+0x37b0]  (no source info available)
C  [KERNEL32.DLL+0x2e8d7]  (no source info available)
C  [ntdll.dll+0x8c3fc]  (no source info available)

Lock stack of current Java thread (top to bottom):


---------------  P R O C E S S  ---------------

Threads class SMR info:
_java_thread_list=0x0000019275e0bef0, length=21, elements={
0x000001924ffe9170, 0x000001926eb75fd0, 0x000001926eb78b10, 0x000001926eb7dfa0,
0x000001926eb83ff0, 0x000001926eb84bb0, 0x000001926eb858a0, 0x000001926eb8fa60,
0x000001926eba39f0, 0x0000019273185550, 0x000001927378fd70, 0x0000019273790530,
0x00000192741a3780, 0x0000019274061880, 0x00000192742696c0, 0x00000192744b9a30,
0x00000192744b6380, 0x00000192744b8a90, 0x00000192744ba9d0, 0x00000192744bd8b0,
0x00000192744bc910
}

Java Threads: ( => current thread )
  0x000001924ffe9170 JavaThread "main"                              [_thread_blocked, id=16240, stack(0x000000569a000000,0x000000569a100000) (1024K)]
  0x000001926eb75fd0 JavaThread "Reference Handler"          daemon [_thread_blocked, id=25900, stack(0x000000569a800000,0x000000569a900000) (1024K)]
  0x000001926eb78b10 JavaThread "Finalizer"                  daemon [_thread_blocked, id=26436, stack(0x000000569a900000,0x000000569aa00000) (1024K)]
  0x000001926eb7dfa0 JavaThread "Signal Dispatcher"          daemon [_thread_blocked, id=22972, stack(0x000000569aa00000,0x000000569ab00000) (1024K)]
  0x000001926eb83ff0 JavaThread "Attach Listener"            daemon [_thread_blocked, id=24900, stack(0x000000569ab00000,0x000000569ac00000) (1024K)]
  0x000001926eb84bb0 JavaThread "Service Thread"             daemon [_thread_blocked, id=26264, stack(0x000000569ac00000,0x000000569ad00000) (1024K)]
  0x000001926eb858a0 JavaThread "Monitor Deflation Thread"   daemon [_thread_blocked, id=18284, stack(0x000000569ad00000,0x000000569ae00000) (1024K)]
=>0x000001926eb8fa60 JavaThread "C2 CompilerThread0"         daemon [_thread_in_native, id=2616, stack(0x000000569ae00000,0x000000569af00000) (1024K)]
  0x000001926eba39f0 JavaThread "C1 CompilerThread0"         daemon [_thread_blocked, id=17184, stack(0x000000569af00000,0x000000569b000000) (1024K)]
  0x0000019273185550 JavaThread "Common-Cleaner"             daemon [_thread_blocked, id=24436, stack(0x000000569b000000,0x000000569b100000) (1024K)]
  0x000001927378fd70 JavaThread "Monitor Ctrl-Break"         daemon [_thread_in_native, id=1992, stack(0x000000569b100000,0x000000569b200000) (1024K)]
  0x0000019273790530 JavaThread "Notification Thread"        daemon [_thread_blocked, id=9080, stack(0x000000569b200000,0x000000569b300000) (1024K)]
  0x00000192741a3780 JavaThread "Thread-0"                          [_thread_blocked, id=11852, stack(0x000000569b700000,0x000000569b800000) (1024K)]
  0x0000019274061880 JavaThread "restartedMain"                     [_thread_in_native, id=10272, stack(0x000000569b800000,0x000000569b900000) (1024K)]
  0x00000192742696c0 JavaThread "Keep-Alive-Timer"           daemon [_thread_blocked, id=24064, stack(0x000000569be00000,0x000000569bf00000) (1024K)]
  0x00000192744b9a30 JavaThread "Catalina-utility-1"                [_thread_blocked, id=27544, stack(0x000000569ba00000,0x000000569bb00000) (1024K)]
  0x00000192744b6380 JavaThread "Catalina-utility-2"                [_thread_blocked, id=27548, stack(0x000000569bf00000,0x000000569c000000) (1024K)]
  0x00000192744b8a90 JavaThread "container-0"                       [_thread_blocked, id=27552, stack(0x000000569c000000,0x000000569c100000) (1024K)]
  0x00000192744ba9d0 JavaThread "mysql-cj-abandoned-connection-cleanup" daemon [_thread_blocked, id=27568, stack(0x000000569c100000,0x000000569c200000) (1024K)]
  0x00000192744bd8b0 JavaThread "HikariPool-1:housekeeper"   daemon [_thread_blocked, id=13164, stack(0x000000569c200000,0x000000569c300000) (1024K)]
  0x00000192744bc910 JavaThread "HikariPool-1:connection-adder" daemon [_thread_blocked, id=7192, stack(0x000000569c300000,0x000000569c400000) (1024K)]
Total: 21

Other Threads:
  0x000001926eb63f40 VMThread "VM Thread"                           [id=19776, stack(0x000000569a700000,0x000000569a800000) (1024K)]
  0x000001926eb532d0 WatcherThread "VM Periodic Task Thread"        [id=4176, stack(0x000000569a600000,0x000000569a700000) (1024K)]
  0x00000192523ca080 WorkerThread "GC Thread#0"                     [id=2244, stack(0x000000569a100000,0x000000569a200000) (1024K)]
  0x000001927408d740 WorkerThread "GC Thread#1"                     [id=19196, stack(0x000000569b400000,0x000000569b500000) (1024K)]
  0x00000192741a05c0 WorkerThread "GC Thread#2"                     [id=17444, stack(0x000000569b500000,0x000000569b600000) (1024K)]
  0x0000019274262100 WorkerThread "GC Thread#3"                     [id=8520, stack(0x000000569b600000,0x000000569b700000) (1024K)]
  0x0000019274596020 WorkerThread "GC Thread#4"                     [id=4348, stack(0x000000569bb00000,0x000000569bc00000) (1024K)]
  0x0000019274596450 WorkerThread "GC Thread#5"                     [id=21652, stack(0x000000569bc00000,0x000000569bd00000) (1024K)]
  0x00000192523e3320 ConcurrentGCThread "G1 Main Marker"            [id=10492, stack(0x000000569a200000,0x000000569a300000) (1024K)]
  0x00000192523e3cc0 WorkerThread "G1 Conc#0"                       [id=22436, stack(0x000000569a300000,0x000000569a400000) (1024K)]
  0x0000019274290bd0 WorkerThread "G1 Conc#1"                       [id=11328, stack(0x000000569bd00000,0x000000569be00000) (1024K)]
  0x000001925241e470 ConcurrentGCThread "G1 Refine#0"               [id=22648, stack(0x000000569a400000,0x000000569a500000) (1024K)]
  0x000001926ea24c60 ConcurrentGCThread "G1 Service"                [id=26396, stack(0x000000569a500000,0x000000569a600000) (1024K)]
Total: 13

Threads with active compile tasks:
C2 CompilerThread0  30335 6732   !   4       java.util.jar.JarFile::getManifestFromReference (197 bytes)
Total: 1

VM state: not at safepoint (normal execution)

VM Mutex/Monitor currently owned by a thread: None

Heap address: 0x0000000089c00000, size: 1892 MB, Compressed Oops mode: 32-bit

CDS archive(s) mapped at: [0x000000000b000000-0x000000000bdd0000-0x000000000bdd0000), size 14483456, SharedBaseAddress: 0x000000000b000000, ArchiveRelocationMode: 1.
Compressed class space mapped at: 0x000000000c000000-0x000000004c000000, reserved size: 1073741824
UseCompressedClassPointers 1, UseCompactObjectHeaders 0
Narrow klass pointer bits 32, Max shift 3
Narrow klass base: 0x000000000b000000, Narrow klass shift: 0
Encoding Range: [0x000000000b000000 - 0x000000010b000000), (4294967296 bytes)
Klass Range:    [0x000000000b010000 - 0x000000004c000000), (1090453504 bytes)
Klass ID Range:  [65536 - 1090519033) (1090453497)
Protection zone: [0x000000000b000000 - 0x000000000b010000), (65536 bytes)

GC Precious Log:
 CardTable entry size: 512
 Card Set container configuration: InlinePtr #cards 5 size 8 Array Of Cards #cards 10 size 36 Howl #buckets 4 coarsen threshold 1843 Howl Bitmap #cards 512 size 80 coarsen threshold 460 Card regions per heap region 1 cards per card region 2048
 CPUs: 6 total, 6 available
 Memory: 7564M
 Large Page Support: Disabled
 NUMA Support: Disabled
 Compressed Oops: Enabled (32-bit)
 Heap Region Size: 1M
 Heap Min Capacity: 8M
 Heap Initial Capacity: 120M
 Heap Max Capacity: 1892M
 Pre-touch: Disabled
 Parallel Workers: 6
 Concurrent Workers: 2
 Concurrent Refinement Workers: 6
 Periodic GC: Disabled

Heap:
 garbage-first heap   total reserved 1937408K, committed 87040K, used 58838K [0x0000000089c00000, 0x0000000100000000)
  region size 1024K, 20 young (20480K), 3 survivors (3072K)

Heap Regions: E=young(eden), S=young(survivor), O=old, HS=humongous(starts), HC=humongous(continues), CS=collection set, F=free, TAMS=top-at-mark-start, PB=parsable bottom
|   0|0x0000000089c00000, 0x0000000089d00000, 0x0000000089d00000|100%|HS|  |TAMS 0x0000000089c00000| PB 0x0000000089c00000| Complete |  0
|   1|0x0000000089d00000, 0x0000000089e00000, 0x0000000089e00000|100%|HS|  |TAMS 0x0000000089d00000| PB 0x0000000089d00000| Complete |  0
|   2|0x0000000089e00000, 0x0000000089f00000, 0x0000000089f00000|100%|HS|  |TAMS 0x0000000089e00000| PB 0x0000000089e00000| Complete |  0
|   3|0x0000000089f00000, 0x000000008a000000, 0x000000008a000000|100%| O|  |TAMS 0x0000000089f00000| PB 0x0000000089f00000| Untracked |  0
|   4|0x000000008a000000, 0x000000008a100000, 0x000000008a100000|100%| O|  |TAMS 0x000000008a000000| PB 0x000000008a000000| Untracked |  0
|   5|0x000000008a100000, 0x000000008a200000, 0x000000008a200000|100%| O|  |TAMS 0x000000008a100000| PB 0x000000008a100000| Untracked |  0
|   6|0x000000008a200000, 0x000000008a300000, 0x000000008a300000|100%| O|  |TAMS 0x000000008a200000| PB 0x000000008a200000| Untracked |  0
|   7|0x000000008a300000, 0x000000008a400000, 0x000000008a400000|100%| O|  |TAMS 0x000000008a300000| PB 0x000000008a300000| Untracked |  0
|   8|0x000000008a400000, 0x000000008a500000, 0x000000008a500000|100%| O|  |TAMS 0x000000008a400000| PB 0x000000008a400000| Untracked |  0
|   9|0x000000008a500000, 0x000000008a600000, 0x000000008a600000|100%| O|  |TAMS 0x000000008a500000| PB 0x000000008a500000| Untracked |  0
|  10|0x000000008a600000, 0x000000008a700000, 0x000000008a700000|100%| O|  |TAMS 0x000000008a600000| PB 0x000000008a600000| Untracked |  0
|  11|0x000000008a700000, 0x000000008a800000, 0x000000008a800000|100%| O|Cm|TAMS 0x000000008a700000| PB 0x000000008a700000| Complete |  0
|  12|0x000000008a800000, 0x000000008a900000, 0x000000008a900000|100%| O|  |TAMS 0x000000008a800000| PB 0x000000008a800000| Untracked |  0
|  13|0x000000008a900000, 0x000000008aa00000, 0x000000008aa00000|100%| O|  |TAMS 0x000000008a900000| PB 0x000000008a900000| Untracked |  0
|  14|0x000000008aa00000, 0x000000008ab00000, 0x000000008ab00000|100%| O|  |TAMS 0x000000008aa00000| PB 0x000000008aa00000| Untracked |  0
|  15|0x000000008ab00000, 0x000000008ac00000, 0x000000008ac00000|100%| O|  |TAMS 0x000000008ab00000| PB 0x000000008ab00000| Untracked |  0
|  16|0x000000008ac00000, 0x000000008ad00000, 0x000000008ad00000|100%| O|  |TAMS 0x000000008ac00000| PB 0x000000008ac00000| Untracked |  0
|  17|0x000000008ad00000, 0x000000008ae00000, 0x000000008ae00000|100%| O|  |TAMS 0x000000008ad00000| PB 0x000000008ad00000| Untracked |  0
|  18|0x000000008ae00000, 0x000000008af00000, 0x000000008af00000|100%| O|  |TAMS 0x000000008ae00000| PB 0x000000008ae00000| Untracked |  0
|  19|0x000000008af00000, 0x000000008b000000, 0x000000008b000000|100%| O|Cm|TAMS 0x000000008af00000| PB 0x000000008af00000| Complete |  0
|  20|0x000000008b000000, 0x000000008b100000, 0x000000008b100000|100%| O|  |TAMS 0x000000008b000000| PB 0x000000008b000000| Untracked |  0
|  21|0x000000008b100000, 0x000000008b200000, 0x000000008b200000|100%| O|  |TAMS 0x000000008b100000| PB 0x000000008b100000| Untracked |  0
|  22|0x000000008b200000, 0x000000008b300000, 0x000000008b300000|100%| O|  |TAMS 0x000000008b200000| PB 0x000000008b200000| Untracked |  0
|  23|0x000000008b300000, 0x000000008b400000, 0x000000008b400000|100%| O|  |TAMS 0x000000008b300000| PB 0x000000008b300000| Untracked |  0
|  24|0x000000008b400000, 0x000000008b500000, 0x000000008b500000|100%| O|  |TAMS 0x000000008b400000| PB 0x000000008b400000| Untracked |  0
|  25|0x000000008b500000, 0x000000008b600000, 0x000000008b600000|100%| O|  |TAMS 0x000000008b500000| PB 0x000000008b500000| Untracked |  0
|  26|0x000000008b600000, 0x000000008b700000, 0x000000008b700000|100%| O|  |TAMS 0x000000008b600000| PB 0x000000008b600000| Untracked |  0
|  27|0x000000008b700000, 0x000000008b800000, 0x000000008b800000|100%| O|  |TAMS 0x000000008b700000| PB 0x000000008b700000| Untracked |  0
|  28|0x000000008b800000, 0x000000008b900000, 0x000000008b900000|100%| O|  |TAMS 0x000000008b800000| PB 0x000000008b800000| Untracked |  0
|  29|0x000000008b900000, 0x000000008ba00000, 0x000000008ba00000|100%| O|  |TAMS 0x000000008b900000| PB 0x000000008b900000| Untracked |  0
|  30|0x000000008ba00000, 0x000000008bb00000, 0x000000008bb00000|100%| O|  |TAMS 0x000000008ba00000| PB 0x000000008ba00000| Untracked |  0
|  31|0x000000008bb00000, 0x000000008bbe74d0, 0x000000008bc00000| 90%| O|  |TAMS 0x000000008bb00000| PB 0x000000008bb00000| Untracked |  0
|  32|0x000000008bc00000, 0x000000008bd00000, 0x000000008bd00000|100%| O|  |TAMS 0x000000008bc00000| PB 0x000000008bc00000| Untracked |  0
|  33|0x000000008bd00000, 0x000000008be00000, 0x000000008be00000|100%| O|  |TAMS 0x000000008bd00000| PB 0x000000008bd00000| Untracked |  0
|  34|0x000000008be00000, 0x000000008bf00000, 0x000000008bf00000|100%| O|  |TAMS 0x000000008be00000| PB 0x000000008be00000| Untracked |  0
|  35|0x000000008bf00000, 0x000000008bf00000, 0x000000008c000000|  0%| F|  |TAMS 0x000000008bf00000| PB 0x000000008bf00000| Untracked |  0
|  36|0x000000008c000000, 0x000000008c100000, 0x000000008c100000|100%| O|  |TAMS 0x000000008c000000| PB 0x000000008c000000| Untracked |  0
|  37|0x000000008c100000, 0x000000008c200000, 0x000000008c200000|100%| O|  |TAMS 0x000000008c100000| PB 0x000000008c100000| Untracked |  0
|  38|0x000000008c200000, 0x000000008c300000, 0x000000008c300000|100%| O|  |TAMS 0x000000008c200000| PB 0x000000008c200000| Untracked |  0
|  39|0x000000008c300000, 0x000000008c400000, 0x000000008c400000|100%| O|  |TAMS 0x000000008c300000| PB 0x000000008c300000| Untracked |  0
|  40|0x000000008c400000, 0x000000008c400000, 0x000000008c500000|  0%| F|  |TAMS 0x000000008c400000| PB 0x000000008c400000| Untracked |  0
|  41|0x000000008c500000, 0x000000008c500000, 0x000000008c600000|  0%| F|  |TAMS 0x000000008c500000| PB 0x000000008c500000| Untracked |  0
|  42|0x000000008c600000, 0x000000008c600000, 0x000000008c700000|  0%| F|  |TAMS 0x000000008c600000| PB 0x000000008c600000| Untracked |  0
|  43|0x000000008c700000, 0x000000008c700000, 0x000000008c800000|  0%| F|  |TAMS 0x000000008c700000| PB 0x000000008c700000| Untracked |  0
|  44|0x000000008c800000, 0x000000008c800000, 0x000000008c900000|  0%| F|  |TAMS 0x000000008c800000| PB 0x000000008c800000| Untracked |  0
|  45|0x000000008c900000, 0x000000008c900000, 0x000000008ca00000|  0%| F|  |TAMS 0x000000008c900000| PB 0x000000008c900000| Untracked |  0
|  46|0x000000008ca00000, 0x000000008ca00000, 0x000000008cb00000|  0%| F|  |TAMS 0x000000008ca00000| PB 0x000000008ca00000| Untracked |  0
|  47|0x000000008cb00000, 0x000000008cb00000, 0x000000008cc00000|  0%| F|  |TAMS 0x000000008cb00000| PB 0x000000008cb00000| Untracked |  0
|  48|0x000000008cc00000, 0x000000008cc00000, 0x000000008cd00000|  0%| F|  |TAMS 0x000000008cc00000| PB 0x000000008cc00000| Untracked |  0
|  49|0x000000008cd00000, 0x000000008cd00000, 0x000000008ce00000|  0%| F|  |TAMS 0x000000008cd00000| PB 0x000000008cd00000| Untracked |  0
|  50|0x000000008ce00000, 0x000000008ce00000, 0x000000008cf00000|  0%| F|  |TAMS 0x000000008ce00000| PB 0x000000008ce00000| Untracked |  0
|  51|0x000000008cf00000, 0x000000008cf00000, 0x000000008d000000|  0%| F|  |TAMS 0x000000008cf00000| PB 0x000000008cf00000| Untracked |  0
|  52|0x000000008d000000, 0x000000008d000000, 0x000000008d100000|  0%| F|  |TAMS 0x000000008d000000| PB 0x000000008d000000| Untracked |  0
|  53|0x000000008d100000, 0x000000008d100000, 0x000000008d200000|  0%| F|  |TAMS 0x000000008d100000| PB 0x000000008d100000| Untracked |  0
|  54|0x000000008d200000, 0x000000008d200000, 0x000000008d300000|  0%| F|  |TAMS 0x000000008d200000| PB 0x000000008d200000| Untracked |  0
|  55|0x000000008d300000, 0x000000008d38e6e0, 0x000000008d400000| 55%| S|CS|TAMS 0x000000008d300000| PB 0x000000008d300000| Complete |  0
|  56|0x000000008d400000, 0x000000008d500000, 0x000000008d500000|100%| S|CS|TAMS 0x000000008d400000| PB 0x000000008d400000| Complete |  0
|  57|0x000000008d500000, 0x000000008d600000, 0x000000008d600000|100%| S|CS|TAMS 0x000000008d500000| PB 0x000000008d500000| Complete |  0
|  58|0x000000008d600000, 0x000000008d600000, 0x000000008d700000|  0%| F|  |TAMS 0x000000008d600000| PB 0x000000008d600000| Untracked |  0
|  59|0x000000008d700000, 0x000000008d700000, 0x000000008d800000|  0%| F|  |TAMS 0x000000008d700000| PB 0x000000008d700000| Untracked |  0
|  60|0x000000008d800000, 0x000000008d800000, 0x000000008d900000|  0%| F|  |TAMS 0x000000008d800000| PB 0x000000008d800000| Untracked |  0
|  61|0x000000008d900000, 0x000000008d900000, 0x000000008da00000|  0%| F|  |TAMS 0x000000008d900000| PB 0x000000008d900000| Untracked |  0
|  62|0x000000008da00000, 0x000000008da00000, 0x000000008db00000|  0%| F|  |TAMS 0x000000008da00000| PB 0x000000008da00000| Untracked |  0
|  63|0x000000008db00000, 0x000000008db00000, 0x000000008dc00000|  0%| F|  |TAMS 0x000000008db00000| PB 0x000000008db00000| Untracked |  0
|  64|0x000000008dc00000, 0x000000008dc00000, 0x000000008dd00000|  0%| F|  |TAMS 0x000000008dc00000| PB 0x000000008dc00000| Untracked |  0
|  65|0x000000008dd00000, 0x000000008dd00000, 0x000000008de00000|  0%| F|  |TAMS 0x000000008dd00000| PB 0x000000008dd00000| Untracked |  0
|  66|0x000000008de00000, 0x000000008de00000, 0x000000008df00000|  0%| F|  |TAMS 0x000000008de00000| PB 0x000000008de00000| Untracked |  0
|  67|0x000000008df00000, 0x000000008df80000, 0x000000008e000000| 50%| E|  |TAMS 0x000000008df00000| PB 0x000000008df00000| Complete |  0
|  68|0x000000008e000000, 0x000000008e100000, 0x000000008e100000|100%| E|CS|TAMS 0x000000008e000000| PB 0x000000008e000000| Complete |  0
|  69|0x000000008e100000, 0x000000008e200000, 0x000000008e200000|100%| E|CS|TAMS 0x000000008e100000| PB 0x000000008e100000| Complete |  0
|  70|0x000000008e200000, 0x000000008e300000, 0x000000008e300000|100%| E|CS|TAMS 0x000000008e200000| PB 0x000000008e200000| Complete |  0
|  71|0x000000008e300000, 0x000000008e400000, 0x000000008e400000|100%| E|CS|TAMS 0x000000008e300000| PB 0x000000008e300000| Complete |  0
|  72|0x000000008e400000, 0x000000008e500000, 0x000000008e500000|100%| E|CS|TAMS 0x000000008e400000| PB 0x000000008e400000| Complete |  0
|  73|0x000000008e500000, 0x000000008e600000, 0x000000008e600000|100%| E|CS|TAMS 0x000000008e500000| PB 0x000000008e500000| Complete |  0
|  74|0x000000008e600000, 0x000000008e700000, 0x000000008e700000|100%| E|CS|TAMS 0x000000008e600000| PB 0x000000008e600000| Complete |  0
|  75|0x000000008e700000, 0x000000008e800000, 0x000000008e800000|100%| E|  |TAMS 0x000000008e700000| PB 0x000000008e700000| Complete |  0
|  76|0x000000008e800000, 0x000000008e900000, 0x000000008e900000|100%| E|CS|TAMS 0x000000008e800000| PB 0x000000008e800000| Complete |  0
|  77|0x000000008e900000, 0x000000008ea00000, 0x000000008ea00000|100%| E|CS|TAMS 0x000000008e900000| PB 0x000000008e900000| Complete |  0
|  78|0x000000008ea00000, 0x000000008eb00000, 0x000000008eb00000|100%| E|CS|TAMS 0x000000008ea00000| PB 0x000000008ea00000| Complete |  0
|  79|0x000000008eb00000, 0x000000008ec00000, 0x000000008ec00000|100%| E|CS|TAMS 0x000000008eb00000| PB 0x000000008eb00000| Complete |  0
|  96|0x000000008fc00000, 0x000000008fd00000, 0x000000008fd00000|100%| E|CS|TAMS 0x000000008fc00000| PB 0x000000008fc00000| Complete |  0
|  97|0x000000008fd00000, 0x000000008fe00000, 0x000000008fe00000|100%| E|CS|TAMS 0x000000008fd00000| PB 0x000000008fd00000| Complete |  0
| 119|0x0000000091300000, 0x0000000091400000, 0x0000000091400000|100%| E|CS|TAMS 0x0000000091300000| PB 0x0000000091300000| Complete |  0
|1890|0x00000000ffe00000, 0x00000000fff00000, 0x00000000fff00000|100%| O|  |TAMS 0x00000000ffe00000| PB 0x00000000ffe00000| Untracked |  0
|1891|0x00000000fff00000, 0x0000000100000000, 0x0000000100000000|100%| E|CS|TAMS 0x00000000fff00000| PB 0x00000000fff00000| Complete |  0

Card table byte_map: [0x000001926a1e0000,0x000001926a5a0000] _byte_map_base: 0x0000019269d92000

Marking Bits: (CMBitMap*) 0x00000192523cc720
 Bits: [0x000001926a5a0000, 0x000001926c330000)

Polling page: 0x0000019251b30000

Metaspace:
Metaspace        used 65775K, committed 66240K, reserved 1114112K
 class space     used 9175K, committed 9408K, reserved 1048576K

Usage:
  Non-class:     55.27 MB used.
      Class:      8.96 MB used.
       Both:     64.23 MB used.

Virtual space:
  Non-class space:       64.00 MB reserved,      55.50 MB ( 87%) committed,  1 nodes.
      Class space:        1.00 GB reserved,       9.19 MB ( <1%) committed,  1 nodes.
             Both:        1.06 GB reserved,      64.69 MB (  6%) committed. 

Chunk freelists:
   Non-Class:  8.25 MB
       Class:  6.64 MB
        Both:  14.89 MB

MaxMetaspaceSize: unlimited
CompressedClassSpaceSize: 1.00 GB
Initial GC threshold: 21.00 MB
Current GC threshold: 98.69 MB
CDS: on
 - commit_granule_bytes: 65536.
 - commit_granule_words: 8192.
 - virtual_space_node_default_size: 8388608.
 - enlarge_chunks_in_place: 1.
UseCompressedClassPointers 1, UseCompactObjectHeaders 0
Narrow klass pointer bits 32, Max shift 3
Narrow klass base: 0x000000000b000000, Narrow klass shift: 0
Encoding Range: [0x000000000b000000 - 0x000000010b000000), (4294967296 bytes)
Klass Range:    [0x000000000b010000 - 0x000000004c000000), (1090453504 bytes)
Klass ID Range:  [65536 - 1090519033) (1090453497)
Protection zone: [0x000000000b000000 - 0x000000000b010000), (65536 bytes)


Internal statistics:

num_allocs_failed_limit: 9.
num_arena_births: 544.
num_arena_deaths: 0.
num_vsnodes_births: 2.
num_vsnodes_deaths: 0.
num_space_committed: 1035.
num_space_uncommitted: 0.
num_chunks_returned_to_freelist: 9.
num_chunks_taken_from_freelist: 2691.
num_chunk_merges: 9.
num_chunk_splits: 2014.
num_chunks_enlarged: 1697.
num_inconsistent_stats: 0.

CodeHeap 'non-profiled nmethods': size=120064Kb used=3053Kb max_used=3209Kb free=117010Kb
 bounds [0x00000192626b0000, 0x00000192629e0000, 0x0000019269bf0000]
CodeHeap 'profiled nmethods': size=120000Kb used=9422Kb max_used=10064Kb free=110577Kb
 bounds [0x000001925abf0000, 0x000001925b5d0000, 0x0000019262120000]
CodeHeap 'non-nmethods': size=5696Kb used=1596Kb max_used=1639Kb free=4099Kb
 bounds [0x0000019262120000, 0x0000019262390000, 0x00000192626b0000]
CodeCache: size=245760Kb, used=14071Kb, max_used=14912Kb, free=231686Kb
 total_blobs=6651, nmethods=5930, adapters=620, full_count=0
Compilation: enabled, stopped_count=0, restarted_count=0

Compilation events (20 events):
Event: 30.007 Thread 0x000001926eb8fa60 nmethod 6725 0x000001926271d508 code [0x000001926271d600, 0x000001926271d880]
Event: 30.074 Thread 0x000001926eb8fa60 6726       4       java.util.jar.Manifest::getTrustedAttributes (57 bytes)
Event: 30.082 Thread 0x000001926eb8fa60 nmethod 6726 0x0000019262830588 code [0x0000019262830680, 0x0000019262830d00]
Event: 30.088 Thread 0x000001926eba39f0 6727       3       java.util.stream.StreamSpliterators$WrappingSpliterator::initPartialTraversalState (46 bytes)
Event: 30.089 Thread 0x000001926eba39f0 nmethod 6727 0x000001925adeaf08 code [0x000001925adeb000, 0x000001925adebe58]
Event: 30.089 Thread 0x000001926eba39f0 6728       3       java.util.stream.StreamSpliterators$WrappingSpliterator$$Lambda/0x000000000c0b0020::<init> (10 bytes)
Event: 30.089 Thread 0x000001926eba39f0 nmethod 6728 0x000001925ad86408 code [0x000001925ad86500, 0x000001925ad866b0]
Event: 30.136 Thread 0x000001926eba39f0 6729       3       java.lang.invoke.DelegatingMethodHandle$Holder::delegate (25 bytes)
Event: 30.136 Thread 0x000001926eba39f0 nmethod 6729 0x000001925ad78388 code [0x000001925ad78480, 0x000001925ad78a48]
Event: 30.136 Thread 0x000001926eba39f0 6730   !   3       java.lang.invoke.StringConcatFactory::makeConcatWithConstants (303 bytes)
Event: 30.138 Thread 0x000001926eb8fa60 6731       4       jdk.internal.classfile.impl.StackMapGenerator$Frame::pushStack (84 bytes)
Event: 30.139 Thread 0x000001926eba39f0 nmethod 6730 0x000001925b159888 code [0x000001925b159980, 0x000001925b15ca78]
Event: 30.145 Thread 0x000001926eb8fa60 nmethod 6731 0x00000192627ab088 code [0x00000192627ab180, 0x00000192627abcd0]
Event: 30.183 Thread 0x000001926eb8fa60 6732   !   4       java.util.jar.JarFile::getManifestFromReference (197 bytes)
Event: 30.205 Thread 0x000001926eba39f0 6734       3       java.lang.PublicMethods$Key::equals (50 bytes)
Event: 30.205 Thread 0x000001926eba39f0 nmethod 6734 0x000001925ad53088 code [0x000001925ad53180, 0x000001925ad53558]
Event: 30.205 Thread 0x000001926eba39f0 6735       3       jdk.internal.util.DecimalDigits::stringSize (47 bytes)
Event: 30.205 Thread 0x000001926eba39f0 nmethod 6735 0x000001925ad23f88 code [0x000001925ad24080, 0x000001925ad242b0]
Event: 30.205 Thread 0x000001926eba39f0 6736       3       java.lang.reflect.ProxyGenerator::generateClassFile (208 bytes)
Event: 30.238 Thread 0x000001926eba39f0 nmethod 6736 0x000001925adcca88 code [0x000001925adccb80, 0x000001925adcec70]

GC Heap Usage History (20 events):
Event: 2.351 {heap Before GC invocations=0 (full 0):
 garbage-first heap   total reserved 1937408K, committed 124928K, used 52371K [0x0000000089c00000, 0x0000000100000000)
  region size 1024K, 42 young (43008K), 0 survivors (0K)
}
Event: 2.364 {heap After GC invocations=1 (full 0):
 garbage-first heap   total reserved 1937408K, committed 124928K, used 18323K [0x0000000089c00000, 0x0000000100000000)
  region size 1024K, 6 young (6144K), 6 survivors (6144K)
}
Event: 4.520 {heap Before GC invocations=1 (full 0):
 garbage-first heap   total reserved 1937408K, committed 124928K, used 61331K [0x0000000089c00000, 0x0000000100000000)
  region size 1024K, 48 young (49152K), 6 survivors (6144K)
}
Event: 4.532 {heap After GC invocations=2 (full 0):
 garbage-first heap   total reserved 1937408K, committed 124928K, used 22977K [0x0000000089c00000, 0x0000000100000000)
  region size 1024K, 5 young (5120K), 5 survivors (5120K)
}
Event: 5.410 {heap Before GC invocations=2 (full 0):
 garbage-first heap   total reserved 1937408K, committed 124928K, used 43457K [0x0000000089c00000, 0x0000000100000000)
  region size 1024K, 27 young (27648K), 5 survivors (5120K)
}
Event: 5.416 {heap After GC invocations=3 (full 0):
 garbage-first heap   total reserved 1937408K, committed 124928K, used 24723K [0x0000000089c00000, 0x0000000100000000)
  region size 1024K, 2 young (2048K), 2 survivors (2048K)
}
Event: 10.410 {heap Before GC invocations=4 (full 0):
 garbage-first heap   total reserved 1937408K, committed 86016K, used 73875K [0x0000000089c00000, 0x0000000100000000)
  region size 1024K, 50 young (51200K), 2 survivors (2048K)
}
Event: 10.419 {heap After GC invocations=5 (full 0):
 garbage-first heap   total reserved 1937408K, committed 86016K, used 29823K [0x0000000089c00000, 0x0000000100000000)
  region size 1024K, 7 young (7168K), 7 survivors (7168K)
}
Event: 12.197 {heap Before GC invocations=5 (full 0):
 garbage-first heap   total reserved 1937408K, committed 86016K, used 64639K [0x0000000089c00000, 0x0000000100000000)
  region size 1024K, 41 young (41984K), 7 survivors (7168K)
}
Event: 12.205 {heap After GC invocations=6 (full 0):
 garbage-first heap   total reserved 1937408K, committed 86016K, used 32058K [0x0000000089c00000, 0x0000000100000000)
  region size 1024K, 4 young (4096K), 4 survivors (4096K)
}
Event: 12.814 {heap Before GC invocations=6 (full 0):
 garbage-first heap   total reserved 1937408K, committed 86016K, used 44346K [0x0000000089c00000, 0x0000000100000000)
  region size 1024K, 17 young (17408K), 4 survivors (4096K)
}
Event: 12.818 {heap After GC invocations=7 (full 0):
 garbage-first heap   total reserved 1937408K, committed 86016K, used 33035K [0x0000000089c00000, 0x0000000100000000)
  region size 1024K, 2 young (2048K), 2 survivors (2048K)
}
Event: 20.992 {heap Before GC invocations=8 (full 0):
 garbage-first heap   total reserved 1937408K, committed 86016K, used 67851K [0x0000000089c00000, 0x0000000100000000)
  region size 1024K, 37 young (37888K), 2 survivors (2048K)
}
Event: 21.000 {heap After GC invocations=9 (full 0):
 garbage-first heap   total reserved 1937408K, committed 86016K, used 34969K [0x0000000089c00000, 0x0000000100000000)
  region size 1024K, 4 young (4096K), 4 survivors (4096K)
}
Event: 24.390 {heap Before GC invocations=9 (full 0):
 garbage-first heap   total reserved 1937408K, committed 86016K, used 76953K [0x0000000089c00000, 0x0000000100000000)
  region size 1024K, 39 young (39936K), 4 survivors (4096K)
}
Event: 24.405 {heap After GC invocations=10 (full 0):
 garbage-first heap   total reserved 1937408K, committed 87040K, used 37878K [0x0000000089c00000, 0x0000000100000000)
  region size 1024K, 5 young (5120K), 5 survivors (5120K)
}
Event: 26.566 {heap Before GC invocations=10 (full 0):
 garbage-first heap   total reserved 1937408K, committed 87040K, used 72694K [0x0000000089c00000, 0x0000000100000000)
  region size 1024K, 39 young (39936K), 5 survivors (5120K)
}
Event: 26.574 {heap After GC invocations=11 (full 0):
 garbage-first heap   total reserved 1937408K, committed 87040K, used 40769K [0x0000000089c00000, 0x0000000100000000)
  region size 1024K, 3 young (3072K), 3 survivors (3072K)
}
Event: 28.795 {heap Before GC invocations=11 (full 0):
 garbage-first heap   total reserved 1937408K, committed 87040K, used 66369K [0x0000000089c00000, 0x0000000100000000)
  region size 1024K, 29 young (29696K), 3 survivors (3072K)
}
Event: 28.809 {heap After GC invocations=12 (full 0):
 garbage-first heap   total reserved 1937408K, committed 87040K, used 43478K [0x0000000089c00000, 0x0000000100000000)
  region size 1024K, 3 young (3072K), 3 survivors (3072K)
}

Metaspace Usage History (20 events):
Event: 2.351 {metaspace Before GC invocations=0 (full 0):
 Metaspace       used 6698K, committed 6912K, reserved 1114112K
  class space    used 742K, committed 832K, reserved 1048576K
}
Event: 2.364 {metaspace After GC invocations=1 (full 0):
 Metaspace       used 6698K, committed 6912K, reserved 1114112K
  class space    used 742K, committed 832K, reserved 1048576K
}
Event: 4.520 {metaspace Before GC invocations=1 (full 0):
 Metaspace       used 16038K, committed 16320K, reserved 1114112K
  class space    used 2152K, committed 2304K, reserved 1048576K
}
Event: 4.532 {metaspace After GC invocations=2 (full 0):
 Metaspace       used 16038K, committed 16320K, reserved 1114112K
  class space    used 2152K, committed 2304K, reserved 1048576K
}
Event: 5.410 {metaspace Before GC invocations=2 (full 0):
 Metaspace       used 21227K, committed 21504K, reserved 1114112K
  class space    used 2753K, committed 2880K, reserved 1048576K
}
Event: 5.416 {metaspace After GC invocations=3 (full 0):
 Metaspace       used 21227K, committed 21504K, reserved 1114112K
  class space    used 2753K, committed 2880K, reserved 1048576K
}
Event: 10.410 {metaspace Before GC invocations=4 (full 0):
 Metaspace       used 30082K, committed 30464K, reserved 1114112K
  class space    used 3925K, committed 4096K, reserved 1048576K
}
Event: 10.419 {metaspace After GC invocations=5 (full 0):
 Metaspace       used 30082K, committed 30464K, reserved 1114112K
  class space    used 3925K, committed 4096K, reserved 1048576K
}
Event: 12.197 {metaspace Before GC invocations=5 (full 0):
 Metaspace       used 33717K, committed 34048K, reserved 1114112K
  class space    used 4377K, committed 4544K, reserved 1048576K
}
Event: 12.205 {metaspace After GC invocations=6 (full 0):
 Metaspace       used 33717K, committed 34048K, reserved 1114112K
  class space    used 4377K, committed 4544K, reserved 1048576K
}
Event: 12.815 {metaspace Before GC invocations=6 (full 0):
 Metaspace       used 35817K, committed 36096K, reserved 1114112K
  class space    used 4793K, committed 4928K, reserved 1048576K
}
Event: 12.818 {metaspace After GC invocations=7 (full 0):
 Metaspace       used 35817K, committed 36096K, reserved 1114112K
  class space    used 4793K, committed 4928K, reserved 1048576K
}
Event: 20.992 {metaspace Before GC invocations=8 (full 0):
 Metaspace       used 39681K, committed 40000K, reserved 1114112K
  class space    used 5401K, committed 5504K, reserved 1048576K
}
Event: 21.000 {metaspace After GC invocations=9 (full 0):
 Metaspace       used 39681K, committed 40000K, reserved 1114112K
  class space    used 5401K, committed 5504K, reserved 1048576K
}
Event: 24.390 {metaspace Before GC invocations=9 (full 0):
 Metaspace       used 41810K, committed 42240K, reserved 1114112K
  class space    used 5652K, committed 5824K, reserved 1048576K
}
Event: 24.405 {metaspace After GC invocations=10 (full 0):
 Metaspace       used 41810K, committed 42240K, reserved 1114112K
  class space    used 5652K, committed 5824K, reserved 1048576K
}
Event: 26.566 {metaspace Before GC invocations=10 (full 0):
 Metaspace       used 50378K, committed 50752K, reserved 1114112K
  class space    used 6959K, committed 7104K, reserved 1048576K
}
Event: 26.574 {metaspace After GC invocations=11 (full 0):
 Metaspace       used 50378K, committed 50752K, reserved 1114112K
  class space    used 6959K, committed 7104K, reserved 1048576K
}
Event: 28.795 {metaspace Before GC invocations=11 (full 0):
 Metaspace       used 59943K, committed 60416K, reserved 1114112K
  class space    used 8180K, committed 8448K, reserved 1048576K
}
Event: 28.809 {metaspace After GC invocations=12 (full 0):
 Metaspace       used 59943K, committed 60416K, reserved 1114112K
  class space    used 8180K, committed 8448K, reserved 1048576K
}

Dll operation events (11 events):
Event: 0.023 Loaded shared library C:\Users\Hanshika Netha\.jdks\openjdk-25.0.2\bin\java.dll
Event: 0.287 Loaded shared library C:\Users\Hanshika Netha\.jdks\openjdk-25.0.2\bin\zip.dll
Event: 0.291 Loaded shared library C:\Users\Hanshika Netha\.jdks\openjdk-25.0.2\bin\instrument.dll
Event: 0.298 Loaded shared library C:\Users\Hanshika Netha\.jdks\openjdk-25.0.2\bin\net.dll
Event: 0.302 Loaded shared library C:\Users\Hanshika Netha\.jdks\openjdk-25.0.2\bin\nio.dll
Event: 0.307 Loaded shared library C:\Users\Hanshika Netha\.jdks\openjdk-25.0.2\bin\zip.dll
Event: 1.583 Loaded shared library C:\Users\Hanshika Netha\.jdks\openjdk-25.0.2\bin\extnet.dll
Event: 1.631 Loaded shared library C:\Users\Hanshika Netha\.jdks\openjdk-25.0.2\bin\jimage.dll
Event: 2.297 Loaded shared library C:\Users\Hanshika Netha\.jdks\openjdk-25.0.2\bin\management.dll
Event: 2.299 Loaded shared library C:\Users\Hanshika Netha\.jdks\openjdk-25.0.2\bin\management_ext.dll
Event: 5.708 Loaded shared library C:\Users\Hanshika Netha\.jdks\openjdk-25.0.2\bin\sunmscapi.dll

Deoptimization events (20 events):
Event: 28.930 Thread 0x00000192744bc910 DEOPT PACKING pc=0x00000192629cd224 sp=0x000000569c3fd910
Event: 28.930 Thread 0x00000192744bc910 DEOPT UNPACKING pc=0x000001926223f902 sp=0x000000569c3fd8f8 mode 2
Event: 28.930 Thread 0x00000192744bc910 Uncommon trap: trap_request=0xffffffbe fr.pc=0x00000192629cd224 relative=0x00000000000007a4
Event: 28.930 Thread 0x00000192744bc910 Uncommon trap: reason=profile_predicate action=maybe_recompile pc=0x00000192629cd224 method=java.math.BigInteger.montReduce([I[III)[I @ 56 c2
Event: 28.930 Thread 0x00000192744bc910 DEOPT PACKING pc=0x00000192629cd224 sp=0x000000569c3fda30
Event: 28.930 Thread 0x00000192744bc910 DEOPT UNPACKING pc=0x000001926223f902 sp=0x000000569c3fda18 mode 2
Event: 28.930 Thread 0x00000192744bc910 Uncommon trap: trap_request=0xffffffbe fr.pc=0x00000192629cd224 relative=0x00000000000007a4
Event: 28.930 Thread 0x00000192744bc910 Uncommon trap: reason=profile_predicate action=maybe_recompile pc=0x00000192629cd224 method=java.math.BigInteger.montReduce([I[III)[I @ 56 c2
Event: 28.930 Thread 0x00000192744bc910 DEOPT PACKING pc=0x00000192629cd224 sp=0x000000569c3fd920
Event: 28.930 Thread 0x00000192744bc910 DEOPT UNPACKING pc=0x000001926223f902 sp=0x000000569c3fd8e8 mode 2
Event: 28.935 Thread 0x00000192744bc910 Uncommon trap: trap_request=0xffffffbe fr.pc=0x00000192629341c0 relative=0x0000000000000ac0
Event: 28.935 Thread 0x00000192744bc910 Uncommon trap: reason=profile_predicate action=maybe_recompile pc=0x00000192629341c0 method=java.math.BigInteger.montReduce([I[III)[I @ 9 c2
Event: 28.935 Thread 0x00000192744bc910 DEOPT PACKING pc=0x00000192629341c0 sp=0x000000569c3fda80
Event: 28.935 Thread 0x00000192744bc910 DEOPT UNPACKING pc=0x000001926223f902 sp=0x000000569c3fda50 mode 2
Event: 29.181 Thread 0x00000192744bc910 DEOPT PACKING pc=0x000001925b1d806b sp=0x000000569c3fd9c0
Event: 29.181 Thread 0x00000192744bc910 DEOPT UNPACKING pc=0x0000019262171702 sp=0x000000569c3fce40 mode 0
Event: 29.893 Thread 0x0000019274061880 Uncommon trap: trap_request=0xffffff45 fr.pc=0x00000192628bbf50 relative=0x0000000000005c30
Event: 29.893 Thread 0x0000019274061880 Uncommon trap: reason=unstable_if action=reinterpret pc=0x00000192628bbf50 method=jdk.internal.loader.Resource.getBytes()[B @ 35 c2
Event: 29.893 Thread 0x0000019274061880 DEOPT PACKING pc=0x00000192628bbf50 sp=0x000000569b8fc320
Event: 29.893 Thread 0x0000019274061880 DEOPT UNPACKING pc=0x000001926223f902 sp=0x000000569b8fc1a0 mode 2

Classes loaded (20 events):
Event: 28.462 Loading class jdk/internal/ValueBased
Event: 28.462 Loading class jdk/internal/ValueBased done
Event: 28.526 Loading class java/util/stream/ReduceOps$1
Event: 28.527 Loading class java/util/stream/ReduceOps$1 done
Event: 28.527 Loading class java/util/stream/ReduceOps$1ReducingSink
Event: 28.527 Loading class java/util/stream/ReduceOps$1ReducingSink done
Event: 28.720 Loading class javax/naming/RefAddr
Event: 28.746 Loading class javax/naming/RefAddr done
Event: 28.747 Loading class javax/naming/StringRefAddr
Event: 28.747 Loading class javax/naming/StringRefAddr done
Event: 28.935 Loading class java/util/concurrent/CompletableFuture$AltResult
Event: 28.935 Loading class java/util/concurrent/CompletableFuture$AltResult done
Event: 28.935 Loading class java/util/concurrent/CompletableFuture$Completion
Event: 28.936 Loading class java/util/concurrent/CompletableFuture$AsynchronousCompletionTask
Event: 28.936 Loading class java/util/concurrent/CompletableFuture$AsynchronousCompletionTask done
Event: 28.936 Loading class java/util/concurrent/CompletableFuture$Completion done
Event: 29.382 Loading class java/util/concurrent/CancellationException
Event: 29.382 Loading class java/util/concurrent/CancellationException done
Event: 30.205 Loading class java/util/ArrayList$ListItr
Event: 30.206 Loading class java/util/ArrayList$ListItr done

Classes unloaded (0 events):
No events

Classes redefined (0 events):
No events

Internal exceptions (20 events):
Event: 22.810 Thread 0x0000019274061880 Exception <a 'java/io/IOException'{0x000000008d12ca20}> (0x000000008d12ca20) 
thrown [s\open\src\hotspot\share\prims\jni.cpp, line 516]
Event: 22.811 Thread 0x0000019274061880 Exception <a 'java/io/IOException'{0x000000008d12d140}> (0x000000008d12d140) 
thrown [s\open\src\hotspot\share\prims\jni.cpp, line 516]
Event: 22.888 Thread 0x0000019274061880 Exception <a 'java/io/IOException'{0x000000008d1947e0}> (0x000000008d1947e0) 
thrown [s\open\src\hotspot\share\prims\jni.cpp, line 516]
Event: 22.892 Thread 0x0000019274061880 Exception <a 'java/io/IOException'{0x000000008d198bb8}> (0x000000008d198bb8) 
thrown [s\open\src\hotspot\share\prims\jni.cpp, line 516]
Event: 22.893 Thread 0x0000019274061880 Exception <a 'java/io/IOException'{0x000000008d199698}> (0x000000008d199698) 
thrown [s\open\src\hotspot\share\prims\jni.cpp, line 516]
Event: 23.002 Thread 0x0000019274061880 Exception <a 'java/lang/NoSuchMethodError'{0x000000008d014228}: 'int java.lang.invoke.DirectMethodHandle$Holder.invokeInterface(java.lang.Object, java.lang.Object, java.lang.Object, java.lang.Object)'> (0x000000008d014228) 
thrown [s\open\src\hotspot\share\interpreter\linkResolver.cpp, line 804]
Event: 23.216 Thread 0x0000019274061880 Exception <a 'java/lang/NoSuchMethodError'{0x000000008cc06090}: 'long java.lang.invoke.DirectMethodHandle$Holder.invokeVirtual(java.lang.Object, java.lang.Object)'> (0x000000008cc06090) 
thrown [s\open\src\hotspot\share\interpreter\linkResolver.cpp, line 804]
Event: 23.307 Thread 0x0000019274061880 Exception <a 'java/io/FileNotFoundException'{0x000000008cc38000}> (0x000000008cc38000) 
thrown [s\open\src\hotspot\share\prims\jni.cpp, line 516]
Event: 24.470 Thread 0x0000019274061880 Exception <a 'java/lang/NoSuchMethodError'{0x00000000fff72548}: 'void java.lang.invoke.DirectMethodHandle$Holder.invokeVirtual(java.lang.Object, java.lang.Object, long)'> (0x00000000fff72548) 
thrown [s\open\src\hotspot\share\interpreter\linkResolver.cpp, line 804]
Event: 24.924 Thread 0x0000019274061880 Exception <a 'java/lang/NoSuchMethodError'{0x000000008e97dd28}: 'java.lang.Object java.lang.invoke.DirectMethodHandle$Holder.newInvokeSpecial(java.lang.Object, java.lang.Object, java.lang.Object, java.lang.Object, java.lang.Object, java.lang.Object, java.lang.Object, java.lang.Object, java.lang.Object, java.lang.Object, java.lang.Object, java.lang.Object)'> (0x000000008e97dd28) 
thrown [s\open\src\hotspot\share\interpreter\linkResolver.cpp, line 804]
Event: 24.927 Thread 0x0000019274061880 Exception <a 'java/lang/NoSuchMethodError'{0x000000008e9c1c90}: 'java.lang.Object java.lang.invoke.DirectMethodHandle$Holder.invokeStatic(java.lang.Object, java.lang.Object, java.lang.Object, java.lang.Object, java.lang.Object, java.lang.Object, java.lang.Object, java.lang.Object, java.lang.Object)'> (0x000000008e9c1c90) 
thrown [s\open\src\hotspot\share\interpreter\linkResolver.cpp, line 804]
Event: 25.268 Thread 0x0000019274061880 Exception <a 'java/lang/NoSuchMethodError'{0x000000008e5a8440}: 'void java.lang.invoke.DelegatingMethodHandle$Holder.reinvoke_L(java.lang.Object, java.lang.Object, java.lang.Object, java.lang.Object, int, java.lang.Object, java.lang.Object, java.lang.Object)'> (0x000000008e5a8440) 
thrown [s\open\src\hotspot\share\interpreter\linkResolver.cpp, line 804]
Event: 25.274 Thread 0x0000019274061880 Exception <a 'java/lang/NoSuchMethodError'{0x000000008e5fbbd8}: 'java.lang.Object java.lang.invoke.DirectMethodHandle$Holder.invokeStatic(java.lang.Object, java.lang.Object, java.lang.Object, java.lang.Object, java.lang.Object, java.lang.Object, java.lang.Object, java.lang.Object, java.lang.Object, java.lang.Object)'> (0x000000008e5fbbd8) 
thrown [s\open\src\hotspot\share\interpreter\linkResolver.cpp, line 804]
Event: 26.848 Thread 0x0000019274061880 Exception <a 'sun/nio/fs/WindowsException'{0x000000008eb1db28}> (0x000000008eb1db28) 
thrown [s\open\src\hotspot\share\prims\jni.cpp, line 516]
Event: 27.945 Thread 0x0000019274061880 Implicit null exception at 0x000001926281a2a1 to 0x000001926281a3ec
Event: 28.101 Thread 0x0000019274061880 Exception <a 'java/lang/NoSuchMethodError'{0x000000008e5c5190}: 'java.lang.Object java.lang.invoke.DirectMethodHandle$Holder.invokeStaticInit(java.lang.Object, java.lang.Object, java.lang.Object, java.lang.Object)'> (0x000000008e5c5190) 
thrown [s\open\src\hotspot\share\interpreter\linkResolver.cpp, line 804]
Event: 28.128 Thread 0x0000019274061880 Exception <a 'java/lang/NoSuchMethodError'{0x000000008e4869d8}: 'int java.lang.invoke.Invokers$Holder.invokeExact_MT(java.lang.Object, java.lang.Object)'> (0x000000008e4869d8) 
thrown [s\open\src\hotspot\share\interpreter\linkResolver.cpp, line 804]
Event: 29.411 Thread 0x0000019274061880 Exception <a 'java/lang/IncompatibleClassChangeError'{0x000000008ea39a60}: Found class java.lang.Object, but interface was expected> (0x000000008ea39a60) 
thrown [s\open\src\hotspot\share\interpreter\linkResolver.cpp, line 871]
Event: 29.503 Thread 0x0000019274061880 Exception <a 'java/lang/NoSuchMethodError'{0x000000008e93bbe0}: 'java.lang.Object java.lang.invoke.DirectMethodHandle$Holder.invokeStatic(java.lang.Object, java.lang.Object, int, java.lang.Object)'> (0x000000008e93bbe0) 
thrown [s\open\src\hotspot\share\interpreter\linkResolver.cpp, line 804]
Event: 29.504 Thread 0x0000019274061880 Exception <a 'java/lang/NoSuchMethodError'{0x000000008e943d88}: 'java.lang.Object java.lang.invoke.DirectMethodHandle$Holder.invokeStaticInit(java.lang.Object, java.lang.Object, int, java.lang.Object)'> (0x000000008e943d88) 
thrown [s\open\src\hotspot\share\interpreter\linkResolver.cpp, line 804]

VM Operations (20 events):
Event: 26.566 Executing safepoint VM operation: G1CollectForAllocation (G1 Evacuation Pause)
Event: 26.575 Executing safepoint VM operation: G1CollectForAllocation (G1 Evacuation Pause) done
Event: 26.743 Executing non-safepoint VM operation: HandshakeAllThreads (Deoptimize)
Event: 26.743 Executing non-safepoint VM operation: HandshakeAllThreads (Deoptimize) done
Event: 26.852 Executing non-safepoint VM operation: HandshakeAllThreads (Deoptimize)
Event: 26.852 Executing non-safepoint VM operation: HandshakeAllThreads (Deoptimize) done
Event: 27.193 Executing non-safepoint VM operation: HandshakeAllThreads (Deoptimize)
Event: 27.193 Executing non-safepoint VM operation: HandshakeAllThreads (Deoptimize) done
Event: 27.202 Executing non-safepoint VM operation: HandshakeAllThreads (Deoptimize)
Event: 27.202 Executing non-safepoint VM operation: HandshakeAllThreads (Deoptimize) done
Event: 28.795 Executing safepoint VM operation: CollectForMetadataAllocation (Metadata GC Threshold)
Event: 28.809 Executing safepoint VM operation: CollectForMetadataAllocation (Metadata GC Threshold) done
Event: 28.861 Executing safepoint VM operation: G1PauseRemark
Event: 28.870 Executing safepoint VM operation: G1PauseRemark done
Event: 28.888 Executing safepoint VM operation: G1PauseCleanup
Event: 28.888 Executing safepoint VM operation: G1PauseCleanup done
Event: 30.197 Executing non-safepoint VM operation: HandshakeAllThreads (Deoptimize)
Event: 30.197 Executing non-safepoint VM operation: HandshakeAllThreads (Deoptimize) done
Event: 30.239 Executing non-safepoint VM operation: HandshakeAllThreads (Deoptimize)
Event: 30.239 Executing non-safepoint VM operation: HandshakeAllThreads (Deoptimize) done

Memory protections (0 events):
No events

Nmethod flushes (20 events):
Event: 28.868 Thread 0x000001926eb63f40 flushing  nmethod 0x000001925b043a08
Event: 28.868 Thread 0x000001926eb63f40 flushing  nmethod 0x000001925b044508
Event: 28.868 Thread 0x000001926eb63f40 flushing  nmethod 0x000001925b045088
Event: 28.868 Thread 0x000001926eb63f40 flushing  nmethod 0x000001925b046208
Event: 28.868 Thread 0x000001926eb63f40 flushing  nmethod 0x000001925b046d08
Event: 28.868 Thread 0x000001926eb63f40 flushing  nmethod 0x000001925b04ae08
Event: 28.868 Thread 0x000001926eb63f40 flushing  nmethod 0x000001925b068688
Event: 28.868 Thread 0x000001926eb63f40 flushing  nmethod 0x000001925b068988
Event: 28.868 Thread 0x000001926eb63f40 flushing  nmethod 0x000001925b069d88
Event: 28.868 Thread 0x000001926eb63f40 flushing  nmethod 0x000001925b06a108
Event: 28.868 Thread 0x000001926eb63f40 flushing  nmethod 0x000001925b06b808
Event: 28.868 Thread 0x000001926eb63f40 flushing  nmethod 0x000001925b10fb08
Event: 28.868 Thread 0x000001926eb63f40 flushing  nmethod 0x000001925b155288
Event: 28.868 Thread 0x000001926eb63f40 flushing  nmethod 0x000001925b159888
Event: 28.868 Thread 0x000001926eb63f40 flushing osr nmethod 0x000001925b245b08
Event: 28.868 Thread 0x000001926eb63f40 flushing  nmethod 0x000001925b246708
Event: 28.868 Thread 0x000001926eb63f40 flushing  nmethod 0x000001925b278088
Event: 28.868 Thread 0x000001926eb63f40 flushing  nmethod 0x000001925b2f8308
Event: 28.868 Thread 0x000001926eb63f40 flushing  nmethod 0x000001925b368808
Event: 28.868 Thread 0x000001926eb63f40 flushing  nmethod 0x000001925b369c88

Events (20 events):
Event: 19.649 Thread 0x000001926eb8fa60 Thread added: 0x0000019273ef6530
Event: 21.439 Thread 0x0000019273ef6530 Thread exited: 0x0000019273ef6530
Event: 21.922 Thread 0x000001926eba39f0 Thread added: 0x0000019273ef9590
Event: 22.281 Thread 0x0000019273ef9590 Thread exited: 0x0000019273ef9590
Event: 23.103 Thread 0x000001926eb8fa60 Thread added: 0x0000019273ef6d40
Event: 23.382 Thread 0x0000019274061880 Thread added: 0x00000192744b9a30
Event: 23.423 Thread 0x0000019274061880 Thread added: 0x00000192744b6380
Event: 23.444 Thread 0x0000019274061880 Thread added: 0x00000192744b8a90
Event: 24.587 Thread 0x0000019274061880 Thread added: 0x00000192744ba9d0
Event: 24.822 Thread 0x0000019273ef6d40 Thread exited: 0x0000019273ef6d40
Event: 25.269 Thread 0x000001926eba39f0 Thread added: 0x0000019273ef6530
Event: 25.450 Thread 0x0000019273ef6530 Thread exited: 0x0000019273ef6530
Event: 27.205 Thread 0x000001926eba39f0 Thread added: 0x0000019273ef6d40
Event: 27.354 Thread 0x0000019273ef6d40 Thread exited: 0x0000019273ef6d40
Event: 27.466 Thread 0x000001926eba39f0 Thread added: 0x0000019273ef9590
Event: 27.946 Thread 0x0000019274061880 Thread added: 0x00000192744bd8b0
Event: 28.051 Thread 0x00000192744bd8b0 Thread added: 0x00000192744bc910
Event: 28.259 Thread 0x0000019273ef9590 Thread exited: 0x0000019273ef9590
Event: 28.357 Thread 0x000001926eba39f0 Thread added: 0x0000019273ef6530
Event: 28.892 Thread 0x0000019273ef6530 Thread exited: 0x0000019273ef6530


Dynamic libraries:
0x00007ff7db740000 - 0x00007ff7db74e000 	C:\Users\Hanshika Netha\.jdks\openjdk-25.0.2\bin\java.exe
0x00007ffa1db80000 - 0x00007ffa1dde7000 	C:\WINDOWS\SYSTEM32\ntdll.dll
0x00007ffa1c7f0000 - 0x00007ffa1c8b9000 	C:\WINDOWS\System32\KERNEL32.DLL
0x00007ffa1b320000 - 0x00007ffa1b714000 	C:\WINDOWS\System32\KERNELBASE.dll
0x00007ffa1a450000 - 0x00007ffa1a59b000 	C:\WINDOWS\System32\ucrtbase.dll
0x00007ffa0ace0000 - 0x00007ffa0acfe000 	C:\Users\Hanshika Netha\.jdks\openjdk-25.0.2\bin\VCRUNTIME140.dll
0x00007ffa15a40000 - 0x00007ffa15a57000 	C:\Users\Hanshika Netha\.jdks\openjdk-25.0.2\bin\jli.dll
0x00007ffa037d0000 - 0x00007ffa03a63000 	C:\WINDOWS\WinSxS\amd64_microsoft.windows.common-controls_6595b64144ccf1df_6.0.26100.8115_none_3e075c82e3354f9c\COMCTL32.dll
0x00007ffa1c360000 - 0x00007ffa1c409000 	C:\WINDOWS\System32\msvcrt.dll
0x00007ffa1c7c0000 - 0x00007ffa1c7eb000 	C:\WINDOWS\System32\GDI32.dll
0x00007ffa1b1c0000 - 0x00007ffa1b1e7000 	C:\WINDOWS\System32\win32u.dll
0x00007ffa1b1f0000 - 0x00007ffa1b31b000 	C:\WINDOWS\System32\gdi32full.dll
0x00007ffa1b720000 - 0x00007ffa1b7c3000 	C:\WINDOWS\System32\msvcp_win.dll
0x00007ffa1d850000 - 0x00007ffa1da15000 	C:\WINDOWS\System32\USER32.dll
0x00007ffa1c410000 - 0x00007ffa1c442000 	C:\WINDOWS\System32\IMM32.DLL
0x00007ffa0acd0000 - 0x00007ffa0acdc000 	C:\Users\Hanshika Netha\.jdks\openjdk-25.0.2\bin\vcruntime140_1.dll
0x00007ffa030f0000 - 0x00007ffa0317d000 	C:\Users\Hanshika Netha\.jdks\openjdk-25.0.2\bin\msvcp140.dll
0x00007ff98c6a0000 - 0x00007ff98d4ff000 	C:\Users\Hanshika Netha\.jdks\openjdk-25.0.2\bin\server\jvm.dll
0x00007ffa1c450000 - 0x00007ffa1c506000 	C:\WINDOWS\System32\ADVAPI32.dll
0x00007ffa1c8c0000 - 0x00007ffa1c967000 	C:\WINDOWS\System32\sechost.dll
0x00007ffa1da20000 - 0x00007ffa1db38000 	C:\WINDOWS\System32\RPCRT4.dll
0x00007ffa1be30000 - 0x00007ffa1beb0000 	C:\WINDOWS\System32\WS2_32.dll
0x00007ffa1a2b0000 - 0x00007ffa1a30e000 	C:\WINDOWS\SYSTEM32\POWRPROF.dll
0x00007ffa12460000 - 0x00007ffa12496000 	C:\WINDOWS\SYSTEM32\WINMM.dll
0x00007ffa12500000 - 0x00007ffa1250b000 	C:\WINDOWS\SYSTEM32\VERSION.dll
0x00007ffa1a290000 - 0x00007ffa1a2a4000 	C:\WINDOWS\SYSTEM32\UMPDC.dll
0x00007ffa191e0000 - 0x00007ffa191fb000 	C:\WINDOWS\SYSTEM32\kernel.appcore.dll
0x00007ffa0acc0000 - 0x00007ffa0acca000 	C:\Users\Hanshika Netha\.jdks\openjdk-25.0.2\bin\jimage.dll
0x00007ffa182a0000 - 0x00007ffa184e2000 	C:\WINDOWS\SYSTEM32\DBGHELP.DLL
0x00007ffa1d170000 - 0x00007ffa1d4f2000 	C:\WINDOWS\System32\combase.dll
0x00007ffa1c6e0000 - 0x00007ffa1c7b8000 	C:\WINDOWS\System32\OLEAUT32.dll
0x00007ff9fa500000 - 0x00007ff9fa53b000 	C:\WINDOWS\SYSTEM32\dbgcore.DLL
0x00007ffa1b7d0000 - 0x00007ffa1b875000 	C:\WINDOWS\System32\bcryptPrimitives.dll
0x00007ffa0af00000 - 0x00007ffa0af10000 	C:\Users\Hanshika Netha\.jdks\openjdk-25.0.2\bin\instrument.dll
0x00007ffa0ac50000 - 0x00007ffa0ac6f000 	C:\Users\Hanshika Netha\.jdks\openjdk-25.0.2\bin\java.dll
0x00007ffa1bc40000 - 0x00007ffa1bdd7000 	C:\WINDOWS\System32\ole32.dll
0x00007ffa1c970000 - 0x00007ffa1d0d7000 	C:\WINDOWS\System32\SHELL32.dll
0x00007ffa1a720000 - 0x00007ffa1a88a000 	C:\WINDOWS\System32\wintypes.dll
0x00007ffa1a950000 - 0x00007ffa1b1b8000 	C:\WINDOWS\System32\windows.storage.dll
0x00007ffa1b9e0000 - 0x00007ffa1bad8000 	C:\WINDOWS\System32\SHCORE.dll
0x00007ffa1b910000 - 0x00007ffa1b976000 	C:\WINDOWS\System32\shlwapi.dll
0x00007ffa1a370000 - 0x00007ffa1a399000 	C:\WINDOWS\SYSTEM32\profapi.dll
0x00007ffa030d0000 - 0x00007ffa030e7000 	C:\Users\Hanshika Netha\.jdks\openjdk-25.0.2\bin\zip.dll
0x00007ffa03340000 - 0x00007ffa03352000 	C:\Users\Hanshika Netha\.jdks\openjdk-25.0.2\bin\net.dll
0x00007ffa19750000 - 0x00007ffa197bc000 	C:\WINDOWS\system32\mswsock.dll
0x00007ffa03320000 - 0x00007ffa03336000 	C:\Users\Hanshika Netha\.jdks\openjdk-25.0.2\bin\nio.dll
0x00007ffa035b0000 - 0x00007ffa035b9000 	C:\Users\Hanshika Netha\.jdks\openjdk-25.0.2\bin\extnet.dll
0x00007ffa03310000 - 0x00007ffa0331a000 	C:\Users\Hanshika Netha\.jdks\openjdk-25.0.2\bin\management.dll
0x00007ffa03300000 - 0x00007ffa0330c000 	C:\Users\Hanshika Netha\.jdks\openjdk-25.0.2\bin\management_ext.dll
0x00007ffa1d500000 - 0x00007ffa1d508000 	C:\WINDOWS\System32\PSAPI.DLL
0x00007ffa18c10000 - 0x00007ffa18c42000 	C:\WINDOWS\SYSTEM32\IPHLPAPI.DLL
0x00007ffa1bec0000 - 0x00007ffa1beca000 	C:\WINDOWS\System32\NSI.dll
0x00007ffa18cb0000 - 0x00007ffa18de2000 	C:\WINDOWS\SYSTEM32\DNSAPI.dll
0x00007ffa06980000 - 0x00007ffa0698e000 	C:\Users\Hanshika Netha\.jdks\openjdk-25.0.2\bin\sunmscapi.dll
0x00007ffa1a5a0000 - 0x00007ffa1a717000 	C:\WINDOWS\System32\CRYPT32.dll
0x00007ffa19c50000 - 0x00007ffa19c80000 	C:\WINDOWS\SYSTEM32\ncrypt.dll
0x00007ffa19c00000 - 0x00007ffa19c3f000 	C:\WINDOWS\SYSTEM32\NTASN1.dll
0x00007ffa0eeb0000 - 0x00007ffa0eebb000 	C:\Windows\System32\rasadhlp.dll
0x00007ffa142f0000 - 0x00007ffa14376000 	C:\WINDOWS\System32\fwpuclnt.dll
0x00007ffa19a30000 - 0x00007ffa19a4b000 	C:\WINDOWS\SYSTEM32\CRYPTSP.dll
0x00007ffa19140000 - 0x00007ffa19179000 	C:\WINDOWS\system32\rsaenh.dll
0x00007ffa19800000 - 0x00007ffa19833000 	C:\WINDOWS\SYSTEM32\USERENV.dll
0x00007ffa1a340000 - 0x00007ffa1a36a000 	C:\WINDOWS\SYSTEM32\bcrypt.dll
0x00007ffa19a50000 - 0x00007ffa19a5c000 	C:\WINDOWS\SYSTEM32\CRYPTBASE.dll

JVMTI agents:
C:\Program Files\JetBrains\IntelliJ IDEA Community Edition 2025.2.6.1\lib\idea_rt.jar path:C:\Users\Hanshika Netha\.jdks\openjdk-25.0.2\bin\instrument.dll, loaded, initialized, instrumentlib options:59460

dbghelp: loaded successfully - version: 4.0.5 - missing functions: none
symbol engine: initialized successfully - sym options: 0x614 - pdb path: .;C:\Users\Hanshika Netha\.jdks\openjdk-25.0.2\bin;C:\WINDOWS\SYSTEM32;C:\WINDOWS\WinSxS\amd64_microsoft.windows.common-controls_6595b64144ccf1df_6.0.26100.8115_none_3e075c82e3354f9c;C:\Users\Hanshika Netha\.jdks\openjdk-25.0.2\bin\server

VM Arguments:
jvm_args: -javaagent:C:\Program Files\JetBrains\IntelliJ IDEA Community Edition 2025.2.6.1\lib\idea_rt.jar=59460 -Dfile.encoding=UTF-8 -Dsun.stdout.encoding=UTF-8 -Dsun.stderr.encoding=UTF-8 
java_command: com.example.notificationService.NotificationServiceApplication
java_class_path (initial): E:\capgeminiTraining\FounderLink - Copy\notificationService\target\classes;C:\Users\Hanshika Netha\.m2\repository\org\springframework\boot\spring-boot-starter-amqp\3.5.12\spring-boot-starter-amqp-3.5.12.jar;C:\Users\Hanshika Netha\.m2\repository\org\springframework\boot\spring-boot-starter\3.5.12\spring-boot-starter-3.5.12.jar;C:\Users\Hanshika Netha\.m2\repository\org\springframework\boot\spring-boot-starter-logging\3.5.12\spring-boot-starter-logging-3.5.12.jar;C:\Users\Hanshika Netha\.m2\repository\ch\qos\logback\logback-classic\1.5.32\logback-classic-1.5.32.jar;C:\Users\Hanshika Netha\.m2\repository\ch\qos\logback\logback-core\1.5.32\logback-core-1.5.32.jar;C:\Users\Hanshika Netha\.m2\repository\org\apache\logging\log4j\log4j-to-slf4j\2.24.3\log4j-to-slf4j-2.24.3.jar;C:\Users\Hanshika Netha\.m2\repository\org\apache\logging\log4j\log4j-api\2.24.3\log4j-api-2.24.3.jar;C:\Users\Hanshika Netha\.m2\repository\org\slf4j\jul-to-slf4j\2.0.17\jul-to-slf4j-2.0.17.jar;C:\Users\Hanshika Netha\.m2\repository\jakarta\annotation\jakarta.annotation-api\2.1.1\jakarta.annotation-api-2.1.1.jar;C:\Users\Hanshika Netha\.m2\repository\org\yaml\snakeyaml\2.4\snakeyaml-2.4.jar;C:\Users\Hanshika Netha\.m2\repository\org\springframework\spring-messaging\6.2.17\spring-messaging-6.2.17.jar;C:\Users\Hanshika Netha\.m2\repository\org\springframework\spring-beans\6.2.17\spring-beans-6.2.17.jar;C:\Users\Hanshika Netha\.m2\repository\org\springframework\amqp\spring-rabbit\3.2.9\spring-rabbit-3.2.9.jar;C:\Users\Hanshika Netha\.m2\repository\org\springframework\amqp\spring-amqp\3.2.9\spring-amqp-3.2.9.jar;C:\Users\Hanshika Netha\.m2\repository\org\springframework\retry\spring-retry\2.0.12\spring-retry-2.0.12.jar;C:\Users\Hanshika Netha\.m2\repository\com\rabbitmq\amqp-client\5.25.0\amqp-client-5.25.0.jar;C:\Users\Hanshika Netha\.m2\repository\org\springframework\spring-context\6.2.17\spring-context-6.2.17.jar;C:\Users\Hanshika Netha\.m2\repository\org\springframework\spring-tx\6.2.17\spring-tx-6.2.17.jar;C:\Users\Hanshika Netha\.m2\repository\io\micrometer\micrometer-observation\1.15.10\micrometer-observation-1.15.10.jar;C:\Users\Hanshika Netha\.m2\repository\io\micrometer\micrometer-commons\1.15.10\micrometer-commons-1.15.10.jar;C:\Users\Hanshika Netha\.m2\repository\org\springframework\boot\spring-boot-starter-data-jpa\3.5.12\spring-boot-starter-data-jpa-3.5.12.jar;C:\Users\Hanshika Netha\.m2\repository\org\springframework\boot\spring-boot-starter-jdbc\3.5.12\spring-boot-starter-jdbc-3.5.12.jar;C:\Users\Hanshika Netha\.m2\repository\com\zaxxer\HikariCP\6.3.3\HikariCP-6.3.3.jar;C:\Users\Hanshika Netha\.m2\repository\org\springframework\spring-jdbc\6.2.17\spring-jdbc-6.2.17.jar;C:\Users\Hanshika Netha\.m2\repository\org\hibernate\orm\hibernate-core\6.6.44.Final\hibernate-core-6.6.44.Final.jar;C:\Users\Hanshika Netha\.m2\repository\jakarta\persistence\jakarta.persistence-api\3.1.0\jakarta.persistence-api-3.1.0.jar;C:\Users\Hanshika Netha\.m2\repository\jakarta\transaction\jakarta.transaction-api\2.0.1\jakarta.transaction-api-2.0.1.jar;C:\Users\Hanshika Netha\.m2\repository\org\jboss\logging\jboss-logging\3.6.3.Final\jboss-logging-3.6.3.Final.jar;C:\Users\Hanshika Netha\.m2\repository\org\hibernate\common\hibernate-commons-annotations\7.0.3.Final\hibernate-commons-annotations-7.0.3.Final.jar;C:\Users\Hanshika Netha\.m2\repository\io\smallrye\jandex\3.2.0\jandex-3.2.0.jar;C:\Users\Hanshika Netha\.m2\repository\com\fasterxml\classmate\1.7.3\classmate-1.7.3.jar;C:\Users\Hanshika Netha\.m2\repository\net\bytebuddy\byte-buddy\1.17.8\byte-buddy-1.17.8.jar;C:\Users\Hanshika Netha\.m2\repository\org\glassfish\jaxb\jaxb-runtime\4.0.6\jaxb-runtime-4.0.6.jar;C:\Users\Hanshika Netha\.m2\repository\org\glassfish\jaxb\jaxb-core\4.0.6\jaxb-core-4.0.6.jar;C:\Users\Hanshika Netha\.m2\repository\org\eclipse\angus\angus-activation\2.0.3\angus-activation-2.0.3.jar;C:\Users\Hanshika Netha\.m2\repository\org\glassfish\jaxb\txw2\4.0.6\txw2-4.0.6.jar;C:\Users\Hanshika Netha\.m2\repository\com\sun\istack\istack-commons-runtime\4.1.2\istack-commons-runtime-4.1.2.jar;C:\Users\Hanshika Netha\.m2\repository\jakarta\inject\jakarta.inject-api\2.0.1\jakarta.inject-api-2.0.1.jar;C:\Users\Hanshika Netha\.m2\repository\org\antlr\antlr4-runtime\4.13.0\antlr4-runtime-4.13.0.jar;C:\Users\Hanshika Netha\.m2\repository\org\springframework\data\spring-data-jpa\3.5.10\spring-data-jpa-3.5.10.jar;C:\Users\Hanshika Netha\.m2\repository\org\springframework\data\spring-data-commons\3.5.10\spring-data-commons-3.5.10.jar;C:\Users\Hanshika Netha\.m2\repository\org\springframework\spring-orm\6.2.17\spring-orm-6.2.17.jar;C:\Users\Hanshika Netha\.m2\repository\org\slf4j\slf4j-api\2.0.17\slf4j-api-2.0.17.jar;C:\Users\Hanshika Netha\.m2\repository\org\springframework\spring-aspects\6.2.17\spring-aspects-6.2.17.jar;C:\Users\Hanshika Netha\.m2\repository\org\aspectj\aspectjweaver\1.9.25.1\aspectjweaver-1.9.25.1.jar;C:\Users\Hanshika Netha\.m2\repository\org\springframework\boot\spring-boot-starter-security\3.5.12\spring-boot-starter-security-3.5.12.jar;C:\Users\Hanshika Netha\.m2\repository\org\springframework\spring-aop\6.2.17\spring-aop-6.2.17.jar;C:\Users\Hanshika Netha\.m2\repository\org\springframework\security\spring-security-config\6.5.9\spring-security-config-6.5.9.jar;C:\Users\Hanshika Netha\.m2\repository\org\springframework\security\spring-security-web\6.5.9\spring-security-web-6.5.9.jar;C:\Users\Hanshika Netha\.m2\repository\org\springframework\spring-expression\6.2.17\spring-expression-6.2.17.jar;C:\Users\Hanshika Netha\.m2\repository\org\springframework\boot\spring-boot-starter-validation\3.5.12\spring-boot-starter-validation-3.5.12.jar;C:\Users\Hanshika Netha\.m2\repository\org\apache\tomcat\embed\tomcat-embed-el\10.1.52\tomcat-embed-el-10.1.52.jar;C:\Users\Hanshika Netha\.m2\repository\org\hibernate\validator\hibernate-validator\8.0.3.Final\hibernate-validator-8.0.3.Final.jar;C:\Users\Hanshika Netha\.m2\repository\jakarta\validation\jakarta.validation-api\3.0.2\jakarta.validation-api-3.0.2.jar;C:\Users\Hanshika Netha\.m2\repository\org\springframework\boot\spring-boot-starter-web\3.5.12\spring-boot-starter-web-3.5.12.jar;C:\Users\Hanshika Netha\.m2\repository\org\springframework\boot\spring-boot-starter-json\3.5.12\spring-boot-starter-json-3.5.12.jar;C:\Users\Hanshika Netha\.m2\repository\com\fasterxml\jackson\datatype\jackson-datatype-jdk8\2.19.4\jackson-datatype-jdk8-2.19.4.jar;C:\Users\Hanshika Netha\.m2\repository\com\fasterxml\jackson\datatype\jackson-datatype-jsr310\2.19.4\jackson-datatype-jsr310-2.19.4.jar;C:\Users\Hanshika Netha\.m2\repository\com\fasterxml\jackson\module\jackson-module-parameter-names\2.19.4\jackson-module-parameter-names-2.19.4.jar;C:\Users\Hanshika Netha\.m2\repository\org\springframework\boot\spring-boot-starter-tomcat\3.5.12\spring-boot-starter-tomcat-3.5.12.jar;C:\Users\Hanshika Netha\.m2\repository\org\apache\tomcat\embed\tomcat-embed-core\10.1.52\tomcat-embed-core-10.1.52.jar;C:\Users\Hanshika Netha\.m2\repository\org\apache\tomcat\embed\tomcat-embed-websocket\10.1.52\tomcat-embed-websocket-10.1.52.jar;C:\Users\Hanshika Netha\.m2\repository\org\springframework\spring-web\6.2.17\spring-web-6.2.17.jar;C:\Users\Hanshika Netha\.m2\repository\org\springframework\spring-webmvc\6.2.17\spring-webmvc-6.2.17.jar;C:\Users\Hanshika Netha\.m2\repository\org\springdoc\springdoc-openapi-starter-webmvc-ui\2.8.16\springdoc-openapi-starter-webmvc-ui-2.8.16.jar;C:\Users\Hanshika Netha\.m2\repository\org\springdoc\springdoc-openapi-starter-webmvc-api\2.8.16\springdoc-openapi-starter-webmvc-api-2.8.16.jar;C:\Users\Hanshika Netha\.m2\repository\org\springdoc\springdoc-openapi-starter-common\2.8.16\springdoc-openapi-starter-common-2.8.16.jar;C:\Users\Hanshika Netha\.m2\repository\io\swagger\core\v3\swagger-core-jakarta\2.2.43\swagger-core-jakarta-2.2.43.jar;C:\Users\Hanshika Netha\.m2\repository\org\apache\commons\commons-lang3\3.17.0\commons-lang3-3.17.0.jar;C:\Users\Hanshika Netha\.m2\repository\io\swagger\core\v3\swagger-annotations-jakarta\2.2.43\swagger-annotations-jakarta-2.2.43.jar;C:\Users\Hanshika Netha\.m2\repository\io\swagger\core\v3\swagger-models-jakarta\2.2.43\swagger-models-jakarta-2.2.43.jar;C:\Users\Hanshika Netha\.m2\repository\com\fasterxml\jackson\dataformat\jackson-dataformat-yaml\2.19.4\jackson-dataformat-yaml-2.19.4.jar;C:\Users\Hanshika Netha\.m2\repository\org\webjars\swagger-ui\5.32.0\swagger-ui-5.32.0.jar;C:\Users\Hanshika Netha\.m2\repository\org\webjars\webjars-locator-lite\1.1.3\webjars-locator-lite-1.1.3.jar;C:\Users\Hanshika Netha\.m2\repository\org\jspecify\jspecify\1.0.0\jspecify-1.0.0.jar;C:\Users\Hanshika Netha\.m2\repository\org\springframework\cloud\spring-cloud-starter-netflix-eureka-client\4.3.1\spring-cloud-starter-netflix-eureka-client-4.3.1.jar;C:\Users\Hanshika Netha\.m2\repository\org\springframework\cloud\spring-cloud-starter\4.3.1\spring-cloud-starter-4.3.1.jar;C:\Users\Hanshika Netha\.m2\repository\org\springframework\cloud\spring-cloud-context\4.3.1\spring-cloud-context-4.3.1.jar;C:\Users\Hanshika Netha\.m2\repository\org\springframework\cloud\spring-cloud-commons\4.3.1\spring-cloud-commons-4.3.1.jar;C:\Users\Hanshika Netha\.m2\repository\org\bouncycastle\bcprov-jdk18on\1.80\bcprov-jdk18on-1.80.jar;C:\Users\Hanshika Netha\.m2\repository\org\springframework\cloud\spring-cloud-netflix-eureka-client\4.3.1\spring-cloud-netflix-eureka-client-4.3.1.jar;C:\Users\Hanshika Netha\.m2\repository\com\netflix\eureka\eureka-client\2.0.5\eureka-client-2.0.5.jar;C:\Users\Hanshika Netha\.m2\repository\com\thoughtworks\xstream\xstream\1.4.21\xstream-1.4.21.jar;C:\Users\Hanshika Netha\.m2\repository\io\github\x-stream\mxparser\1.2.2\mxparser-1.2.2.jar;C:\Users\Hanshika Netha\.m2\repository\xmlpull\xmlpull\1.1.3.1\xmlpull-1.1.3.1.jar;C:\Users\Hanshika Netha\.m2\repository\jakarta\ws\rs\jakarta.ws.rs-api\3.1.0\jakarta.ws.rs-api-3.1.0.jar;C:\Users\Hanshika Netha\.m2\repository\com\netflix\spectator\spectator-api\1.7.3\spectator-api-1.7.3.jar;C:\Users\Hanshika Netha\.m2\repository\org\apache\httpcomponents\httpclient\4.5.3\httpclient-4.5.3.jar;C:\Users\Hanshika Netha\.m2\repository\org\apache\httpcomponents\httpcore\4.4.16\httpcore-4.4.16.jar;C:\Users\Hanshika Netha\.m2\repository\commons-codec\commons-codec\1.18.0\commons-codec-1.18.0.jar;C:\Users\Hanshika Netha\.m2\repository\commons-configuration\commons-configuration\1.10\commons-configuration-1.10.jar;C:\Users\Hanshika Netha\.m2\repository\commons-lang\commons-lang\2.6\commons-lang-2.6.jar;C:\Users\Hanshika Netha\.m2\repository\com\fasterxml\jackson\core\jackson-core\2.19.4\jackson-core-2.19.4.jar;C:\Users\Hanshika Netha\.m2\repository\com\netflix\netflix-commons\netflix-eventbus\0.3.0\netflix-eventbus-0.3.0.jar;C:\Users\Hanshika Netha\.m2\repository\com\netflix\netflix-commons\netflix-infix\0.3.0\netflix-infix-0.3.0.jar;C:\Users\Hanshika Netha\.m2\repository\commons-jxpath\commons-jxpath\1.3\commons-jxpath-1.3.jar;C:\Users\Hanshika Netha\.m2\repository\joda-time\joda-time\2.3\joda-time-2.3.jar;C:\Users\Hanshika Netha\.m2\repository\org\antlr\antlr-runtime\3.4\antlr-runtime-3.4.jar;C:\Users\Hanshika Netha\.m2\repository\org\antlr\stringtemplate\3.2.1\stringtemplate-3.2.1.jar;C:\Users\Hanshika Netha\.m2\repository\antlr\antlr\2.7.7\antlr-2.7.7.jar;C:\Users\Hanshika Netha\.m2\repository\com\google\code\gson\gson\2.13.2\gson-2.13.2.jar;C:\Users\Hanshika Netha\.m2\repository\com\google\errorprone\error_prone_annotations\2.41.0\error_prone_annotations-2.41.0.jar;C:\Users\Hanshika Netha\.m2\repository\com\netflix\servo\servo-core\0.5.3\servo-core-0.5.3.jar;C:\Users\Hanshika Netha\.m2\repository\org\apache\commons\commons-math\2.2\commons-math-2.2.jar;C:\Users\Hanshika Netha\.m2\repository\javax\annotation\javax.annotation-api\1.2\javax.annotation-api-1.2.jar;C:\Users\Hanshika Netha\.m2\repository\org\codehaus\jettison\jettison\1.5.4\jettison-1.5.4.jar;C:\Users\Hanshika Netha\.m2\repository\org\springframework\cloud\spring-cloud-starter-loadbalancer\4.3.1\spring-cloud-starter-loadbalancer-4.3.1.jar;C:\Users\Hanshika Netha\.m2\repository\org\springframework\cloud\spring-cloud-loadbalancer\4.3.1\spring-cloud-loadbalancer-4.3.1.jar;C:\Users\Hanshika Netha\.m2\repository\io\projectreactor\reactor-core\3.7.17\reactor-core-3.7.17.jar;C:\Users\Hanshika Netha\.m2\repository\org\reactivestreams\reactive-streams\1.0.4\reactive-streams-1.0.4.jar;C:\Users\Hanshika Netha\.m2\repository\io\projectreactor\addons\reactor-extra\3.5.4\reactor-extra-3.5.4.jar;C:\Users\Hanshika Netha\.m2\repository\org\springframework\boot\spring-boot-starter-cache\3.5.12\spring-boot-starter-cache-3.5.12.jar;C:\Users\Hanshika Netha\.m2\repository\org\springframework\spring-context-support\6.2.17\spring-context-support-6.2.17.jar;C:\Users\Hanshika Netha\.m2\repository\com\stoyanr\evictor\1.0.0\evictor-1.0.0.jar;C:\Users\Hanshika Netha\.m2\repository\org\springframework\boot\spring-boot-devtools\3.5.12\spring-boot-devtools-3.5.12.jar;C:\Users\Hanshika Netha\.m2\repository\org\springframework\boot\spring-boot\3.5.12\spring-boot-3.5.12.jar;C:\Users\Hanshika Netha\.m2\repository\org\springframework\boot\spring-boot-autoconfigure\3.5.12\spring-boot-autoconfigure-3.5.12.jar;C:\Users\Hanshika Netha\.m2\repository\com\mysql\mysql-connector-j\9.6.0\mysql-connector-j-9.6.0.jar;C:\Users\Hanshika Netha\.m2\repository\org\projectlombok\lombok\1.18.44\lombok-1.18.44.jar;C:\Users\Hanshika Netha\.m2\repository\jakarta\xml\bind\jakarta.xml.bind-api\4.0.4\jakarta.xml.bind-api-4.0.4.jar;C:\Users\Hanshika Netha\.m2\repository\jakarta\activation\jakarta.activation-api\2.1.4\jakarta.activation-api-2.1.4.jar;C:\Users\Hanshika Netha\.m2\repository\org\springframework\spring-core\6.2.17\spring-core-6.2.17.jar;C:\Users\Hanshika Netha\.m2\repository\org\springframework\spring-jcl\6.2.17\spring-jcl-6.2.17.jar;C:\Users\Hanshika Netha\.m2\repository\org\springframework\security\spring-security-core\6.5.9\spring-security-core-6.5.9.jar;C:\Users\Hanshika Netha\.m2\repository\org\springframework\security\spring-security-crypto\6.5.9\spring-security-crypto-6.5.9.jar;C:\Users\Hanshika Netha\.m2\repository\org\springframework\cloud\spring-cloud-starter-bootstrap\4.3.1\spring-cloud-starter-bootstrap-4.3.1.jar;C:\Users\Hanshika Netha\.m2\repository\org\springframework\cloud\spring-cloud-config-client\4.3.1\spring-cloud-config-client-4.3.1.jar;C:\Users\Hanshika Netha\.m2\repository\com\fasterxml\jackson\core\jackson-annotations\2.19.4\jackson-annotations-2.19.4.jar;C:\Users\Hanshika Netha\.m2\repository\com\fasterxml\jackson\core\jackson-databind\2.19.4\jackson-databind-2.19.4.jar;C:\Users\Hanshika Netha\.m2\repository\org\apache\httpcomponents\client5\httpclient5\5.5.2\httpclient5-5.5.2.jar;C:\Users\Hanshika Netha\.m2\repository\org\apache\httpcomponents\core5\httpcore5\5.3.6\httpcore5-5.3.6.jar;C:\Users\Hanshika Netha\.m2\repository\org\apache\httpcomponents\core5\httpcore5-h2\5.3.6\httpcore5-h2-5.3.6.jar;C:\Users\Hanshika Netha\.m2\repository\org\modelmapper\modelmapper\3.2.6\modelmapper-3.2.6.jar
Launcher Type: SUN_STANDARD

[Global flags]
     intx CICompilerCount                          = 3                                         {product} {ergonomic}
     uint ConcGCThreads                            = 2                                         {product} {ergonomic}
     uint G1ConcRefinementThreads                  = 6                                         {product} {ergonomic}
   size_t G1HeapRegionSize                         = 1048576                                   {product} {ergonomic}
   size_t InitialHeapSize                          = 125829120                                 {product} {ergonomic}
   size_t MarkStackSize                            = 4194304                                   {product} {ergonomic}
   size_t MarkStackSizeMax                         = 536870912                                 {product} {ergonomic}
   size_t MaxHeapSize                              = 1983905792                                {product} {ergonomic}
   size_t MaxNewSize                               = 1190133760                                {product} {ergonomic}
   size_t MinHeapDeltaBytes                        = 1048576                                   {product} {ergonomic}
   size_t MinHeapSize                              = 8388608                                   {product} {ergonomic}
    uintx NonNMethodCodeHeapSize                   = 5832704                                {pd product} {ergonomic}
    uintx NonProfiledCodeHeapSize                  = 122945536                              {pd product} {ergonomic}
    uintx ProfiledCodeHeapSize                     = 122880000                              {pd product} {ergonomic}
    uintx ReservedCodeCacheSize                    = 251658240                              {pd product} {ergonomic}
     bool SegmentedCodeCache                       = true                                      {product} {ergonomic}
   size_t SoftMaxHeapSize                          = 1983905792                             {manageable} {ergonomic}
     bool UseCompressedOops                        = true                           {product lp64_product} {ergonomic}
     bool UseG1GC                                  = true                                      {product} {ergonomic}
     bool UseLargePagesIndividualAllocation        = false                                  {pd product} {ergonomic}

Logging:
Log output configuration:
 #0: stdout all=warning uptime,level,tags foldmultilines=false
 #1: stderr all=off uptime,level,tags foldmultilines=false

Release file:
IMPLEMENTOR="Oracle Corporation" 
JAVA_RUNTIME_VERSION="25.0.2+10-69" 
JAVA_VERSION="25.0.2" 
JAVA_VERSION_DATE="2026-01-20" 
LIBC="default" 
MODULES="java.base java.compiler java.datatransfer java.xml java.prefs java.desktop java.instrument java.logging java.management java.security.sasl java.naming java.rmi java.management.rmi java.net.http java.scripting java.security.jgss java.transaction.xa java.sql java.sql.rowset java.xml.crypto java.se java.smartcardio jdk.accessibility jdk.internal.jvmstat jdk.attach jdk.charsets jdk.internal.opt jdk.zipfs jdk.compiler jdk.crypto.cryptoki jdk.crypto.ec jdk.crypto.mscapi jdk.dynalink jdk.internal.ed jdk.editpad jdk.internal.vm.ci jdk.graal.compiler jdk.graal.compiler.management jdk.hotspot.agent jdk.httpserver jdk.incubator.vector jdk.internal.le jdk.internal.md jdk.jartool jdk.javadoc jdk.jcmd jdk.management jdk.management.agent jdk.jconsole jdk.jdeps jdk.jdwp.agent jdk.jdi jdk.jfr jdk.jlink jdk.jpackage jdk.jshell jdk.jsobject jdk.jstatd jdk.localedata jdk.management.jfr jdk.naming.dns jdk.naming.rmi jdk.net jdk.nio.mapmode jdk.sctp jdk.security.auth jdk.security.jgss jdk.unsupported jdk.unsupported.desktop jdk.xml.dom" 
OS_ARCH="x86_64" 
OS_NAME="Windows" 
SOURCE=".:git:405a5699ebd0" 

Environment Variables:
JAVA_HOME=E:\java
PATH=E:\oracle\product\10.2.0\db_1\bin;C:\Program Files\Common Files\Oracle\Java\javapath;C:\Program Files (x86)\Common Files\Oracle\Java\javapath;C:\Program Files (x86)\VMware\VMware Player\bin\;C:\Program Files\Python312\Scripts\;C:\Program Files\Python312\;C:\Program Files\dotnet\;C:\Windows\System32;E:\Hadoop\bin;C:\WINDOWS\System32\wbem;E:\kafka\bin;E:\spark\bin;E:\java\bin;C:\WINDOWS\system32;C:\WINDOWS;C:\WINDOWS\System32\Wbem;C:\WINDOWS\System32\WindowsPowerShell\v1.0\;C:\WINDOWS\System32\OpenSSH\;C:\Program Files\Git\cmd;E:\Erlang\Erlang OTP\bin;C:\Program Files\Docker\Docker\resources\bin;E:\apache-maven-3.9.14\bin;E:\Nodejs\;C:\Program Files\MySQL\MySQL Shell 8.0\bin\;C:\Users\Hanshika Netha\AppData\Local\Microsoft\WindowsApps;C:\Users\Hanshika Netha\AppData\Local\Programs\Microsoft VS Code\bin;C:\Program Files\JetBrains\IntelliJ IDEA Community Edition 2025.2.6.1\bin;E:\Antigravity\Antigravity\bin;C:\Users\Hanshika Netha\AppData\Roaming\npm
USERNAME=Hanshika Netha
OS=Windows_NT
PROCESSOR_IDENTIFIER=AMD64 Family 23 Model 96 Stepping 1, AuthenticAMD
TMP=C:\Users\HANSHI~1\AppData\Local\Temp
TEMP=C:\Users\HANSHI~1\AppData\Local\Temp




Compilation memory statistics disabled.

Periodic native trim disabled

---------------  S Y S T E M  ---------------

OS:
 Windows 11 , 64 bit Build 26100 (10.0.26100.8246)
OS uptime: 11 days 2:49 hours
Hyper-V role detected

CPU: total 6 (initial active 6) (6 cores per cpu, 1 threads per core) family 23 model 96 stepping 1 microcode 0x8600109, cx8, cmov, fxsr, mmx, 3dnowpref, sse, sse2, sse3, ssse3, sse4a, sse4.1, sse4.2, popcnt, lzcnt, tsc, tscinvbit, avx, avx2, aes, clmul, bmi1, bmi2, adx, sha, fma, vzeroupper, clflush, clflushopt, clwb, hv, rdtscp, rdpid, f16c
Processor Information for the first 6 processors :
  Max Mhz: 2375, Current Mhz: 2375, Mhz Limit: 2375

Memory: 4k page, system-wide physical 7564M (386M free)
TotalPageFile size 26314M (AvailPageFile size 0M)
current process WorkingSet (physical memory assigned to process): 216M, peak: 231M
current process commit charge ("private bytes"): 293M, peak: 297M

vm_info: OpenJDK 64-Bit Server VM (25.0.2+10-69) for windows-amd64 JRE (25.0.2+10-69), built on 2025-12-18T11:36:35Z with MS VC++ 17.13 (VS2022)

END.
